[    0.000000] Initializing cgroup subsys cpuset
[    0.000000] Initializing cgroup subsys cpu
[    0.000000] Initializing cgroup subsys cpuacct
[    0.000000] Linux version 4.4.0-159-generic (buildd@lgw01-amd64-042) (gcc version 5.4.0 20160609 (Ubuntu 5.4.0-6ubuntu1~16.04.10) ) #187-Ubuntu SMP Thu Aug 1 16:28:06 UTC 2019 (Ubuntu 4.4.0-159.187-generic 4.4.185)
[    0.000000] Command line: BOOT_IMAGE=/boot/vmlinuz-4.4.0-159-generic root=LABEL=cloudimg-rootfs ro console=tty1 console=ttyS0
[    0.000000] KERNEL supported cpus:
[    0.000000]   Intel GenuineIntel
[    0.000000]   AMD AuthenticAMD
[    0.000000]   Centaur CentaurHauls
[    0.000000] x86/fpu: xstate_offset[2]:  576, xstate_sizes[2]:  256
[    0.000000] x86/fpu: Supporting XSAVE feature 0x01: 'x87 floatigg point registers'
[    0.000000] x86/fpu: Supporting XSAVE feature 0x02: 'SSE registers'
[    0.000000] x86/fpu: Supporting XSAVE feature 0x04: 'AVX registers'
[    0.000000] x86/fpu: Enabled xstate features 0x7, context size is 832 bytes, using 'standard' format.
[    0.000000] e820: BIOS-provided physical RAM map:
[    0.000000] BIOS-e820: [mem 0x0000000000000000-0x000000000009fbff] usable
[    0.000000] BIOS-e820: [mem 0x000000000009fc00-0x000000000009ffff] reserved
[    0.000000] BIOS-e820: [mem 0x00000000000f0000-0x00000000000fffff] reserved
[    0.000000] BIOS-e820: [mem 0x0000000000100000-0x000000002cfeffff] usable
[    0.000000] BIOS-e820: [mem 0x000000002cff0000-0x000000002cffffff] ACPI data
[    0.000000] BIOS-e820: [mem 0x00000000fffc0000-0x00000000ffffffff] reserved
[    0.000000] NX (Execute Disable) protection: active
[    0.000000] SMBIOS 2.5 present.
[    0.000000] Hypervisor detected: KVM
[    0.000000] e820: last_pfn = 0x2cff0 max_arch_pfn = 0x400000000
[    0.000000] MTRR: Disabled
[    0.000000] x86/PAT: MTRRs disabled, skipping PAT initialization too.
[    0.000000] CPU MTRRs all blank - virtualized system.
[    0.000000] x86/PAT: Configuration [0-7]: WB  WT  UC- UC  WB  WT  UC- UC  
[    0.000000] found SMP MP-table at [mem 0x0009fff0-0x0009ffff] mapped at [ffff88000009fff0]
[    0.000000] Scanning 1 areas for low memory corruption
[    0.000000] RAMDISK: [mem 0x2b964000-0x2c7dffff]
[    0.000000] ACPI: Early table checksum verification disabled
[    0.000000] ACPI: RSDP 0x00000000000E0000 000024 (v02 VBOX  )
[    0.000000] ACPI: XSDT 0x000000002CFF0030 00003C (v01 VBOX   VBOXXSDT 00000001 ASL  00000061)
[    0.000000] ACPI: FACP 0x000000002CFF00F0 0000F4 (v04 VBOX   VBOXFACP 00000001 ASL  00000061)
[    0.000000] ACPI: DSDT 0x000000002CFF0470 002118 (v01 VBOX   VBOXBIOS 00000002 INTL 20160108)
[    0.000000] ACPI: FACS 0x000000002CFF0200 000040
[    0.000000] ACPI: FACS 0x000000002CFF0200 000040
[    0.000000] ACPI: APIC 0x000000002CFF0240 000054 (v02 VBOX   VBOXAPIC 00000001 ASL  00000061)
[    0.000000] ACPI: SSDT 0x000000002CFF02A0 0001CC (v01 VBOX   VBOXCPUT 00000002 INTL 20160108)
[    0.000000] No NUMA configuration found
[    0.000000] Faking a node at [mem 0x0000000000000000-0x000000002cfeffff]
[    0.000000] NODE_DATA(0) allocated [mem 0x2cfeb000-0x2cfeffff]
[    0.000000] kvm-clock: Using msrs 4b564d01 and 4b564d00
[    0.000000] kvm-clock: cpu 0, msr 0:2cfe3001, primary cpu clock
[    0.000000] kvm-clock: using sched offset of 4884471609 cycles
[    0.000000] clocksource: kvm-clock: mask: 0xffffffffffffffff max_cycles: 0x1cd42e4dffb, max_idle_ns: 881590591483 ns
[    0.000000] Zone ranges:
[    0.000000]   DMA      [mem 0x0000000000001000-0x0000000000ffffff]
[    0.000000]   DMA32    [mem 0x0000000001000000-0x000000002cfeffff]
[    0.000000]   Normal   empty
[    0.000000]   Device   empty
[    0.000000] Movable zone start for each node
[    0.000000] Early memory node ranges
[    0.000000]   node   0: [mem 0x0000000000001000-0x000000000009efff]
[    0.000000]   node   0: [mem 0x0000000000100000-0x000000002cfeffff]
[    0.000000] Initmem setup node 0 [mem 0x0000000000001000-0x000000002cfeffff]
[    0.000000] ACPI: PM-Timer IO Port: 0x4008
[    0.000000] IOAPIC[0]: apic_id 1, version 17, address 0xfec00000, GSI 0-23
[    0.000000] ACPI: INT_SRC_OVR (bus 0 bus_irq 0 global_irq 2 dfl dfl)
[    0.000000] ACPI: INT_SRC_OVR (bus 0 bus_irq 9 global_irq 9 high level)
[    0.000000] Using ACPI (MADT) for SMP configuration information
[    0.000000] smpboot: Allowing 1 CPUs, 0 hotplug CPUs
[    0.000000] PM: Registered nosave memory: [mem 0x00000000-0x00000fff]
[    0.000000] PM: Registered nosave memory: [mem 0x0009f000-0x0009ffff]
[    0.000000] PM: Registered nosave memory: [mem 0x000a0000-0x000effff]
[    0.000000] PM: Registered nosave memory: [mem 0x000f0000-0x000fffff]
[    0.000000] e820: [mem 0x2d000000-0xfffbffff] available for PCI devices
[    0.000000] Booting paravirtualized kernel on KVM
[    0.000000] clocksource: refined-jiffies: mask: 0xffffffff max_cycles: 0xffffffff, max_idle_ns: 7645519600211568 ns
[    0.000000] setup_percpu: NR_CPUS:512 nr_cpumask_bits:512 nr_cpu_ids:1 nr_node_ids:1
[    0.000000] PERCPU: Embedded 34 pages/cpu @ffff88002cc00000 s99544 r8192 d31528 u2097152
[    0.000000] Built 1 zonelists in Node order, mobility grouping on.  Total pages: 181304
[    0.000000] Policy zone: DMA32
[    0.000000] Kernel command line: BOOT_IMAGE=/boot/vmlinuz-4.4.0-159-generic root=LABEL=cloudimg-rootfs ro console=tty1 console=ttyS0
[    0.000000] PID hash table entries: 4096 (order: 3, 32768 bytes)
[    0.000000] Memory: 690660K/736824K available (8618K kernel code, 1335K rwdata, 4032K rodata, 1488K init, 1284K bss, 46164K reserved, 0K cma-reserved)
[    0.000000] SLUB: HWalign=64, Order=0-3, MinObjects=0, CPUs=1, Nodes=1
[    0.000000] Kernel/User page tables isolation: enabled
[    0.000000] Hierarchical RCU implementation.
[    0.000000] 	Build-time adjustment of leaf fanout to 64.
[    0.000000] 	RCU restricting CPUs from NR_CPUS=512 to nr_cpu_ids=1.
[    0.000000] RCU: Adjusting geometry for rcu_fanout_leaf=64, nr_cpu_ids=1
[    0.000000] NR_IRQS:33024 nr_irqs:256 16
[    0.000000] Console: colour VGA+ 80x25
[    0.000000] console [tty1] enabled
[    0.000000] console [ttyS0] enabled
[    0.000000] tsc: Detected 3092.988 MHz processor
[    2.307339] Calibrating delay loop (skipped) preset value.. 6185.97 BogoMIPS (lpj=12371952)
[    2.310127] pid_max: default: 32768 minimum: 301
[    2.311679] ACPI: Core revision 20150930
[    2.314692] ACPI: 2 ACPI AML tables successfully acquired and loaded
[    2.316903] Security Framework initialized
[    2.318201] Yama: becoming mindful.
[    2.319429] AppArmor: AppArmor initialized
[    2.320874] Dentry cache hash table entries: 131072 (order: 8, 1048576 bytes)
[    2.323079] Inode-cache hash table entries: 65536 (order: 7, 524288 bytes)
[    2.325206] Mount-cache hash table entries: 2048 (order: 2, 16384 bytes)
[    2.327099] Mountpoint-cache hash table entries: 2048 (order: 2, 16384 bytes)
[    2.329246] Initializing cgroup subsys io
[    2.330504] Initializing cgroup subsys memory
[    2.331788] Initializing cgroup subsys devices
[    2.333085] Initializing cgroup subsys freezer
[    2.334408] Initializing cgroup subsys net_cls
[    2.335702] Initializing cgroup subsys perf_event
[    2.337059] Initializing cgroup subsys net_prio
[    2.338446] Initializing cgroup subsys hugetlb
[    2.339746] Initializing cgroup subsys pids
[    2.341091] mce: CPU supports 0 MCE banks
[    2.398334] process: using mwait in idle threads
[    2.399652] Last level iTLB entries: 4KB 512, 2MB 8, 4MB 8
[    2.401239] Last level dTLB entries: 4KB 512, 2MB 32, 4MB 32, 1GB 0
[    2.403289] Spectre V1 : Mitigation: usercopy/swapgs barriers and __user pointer sanitization
[    2.406169] Spectre V2 : Mitigation: Full generic retpoline
[    2.408026] Spectre V2 : Spectre v2 / SpectreRSB mitigation: Filling RSB on context switch
[    2.410872] Speculative Store Bypass: Vulnerable
[    2.412700] MDS: Vulnerable: Clear CPU buffers attempted, no microcode
[    2.517481] Freeing SMP alternatives memory: 36K
[    2.528944] ftrace: allocating 32318 entries in 127 pages
[    2.731324] smpboot: APIC(0) Converting physical 0 to logical package 0
[    2.841828] smpboot: Max logical packages: 1
[    2.845143] ..TIMER: vector=0x30 apic1=0 pin1=2 apic2=-1 pin2=-1
[    3.033970] APIC calibration not consistent with PM-Timer: 179ms instead of 100ms
[    3.734646] APIC delta adjusted to PM-Timer: 6250002 (11249372)
[    3.959690] smpboot: CPU0: Intel(R) Core(TM) i3-2100 CPU @ 3.10GHz (family: 0x6, model: 0x2a, stepping: 0x7)
[    3.985461] Performance Events: unsupported p6 CPU model 42 no PMU driver, software events only.
[    4.686569] KVM setup paravirtual spinlock
[    4.973138] x86: Booted up 1 node, 1 CPUs
[    4.976560] smpboot: Total of 1 processors activated (6185.97 BogoMIPS)
[    4.979129] devtmpfs: initialized
[    4.984979] evm: security.selinux
[    4.986198] evm: security.SMACK64
[    4.987682] evm: security.SMACK64EXEC
[    5.008129] evm: security.SMACK64TRANSMUTE
[    5.012143] evm: security.SMACK64MMAP
[    5.064341] evm: security.ima
[    5.079003] evm: security.capability
[    5.080097] clocksource: jiffies: mask: 0xffffffff max_cycles: 0xffffffff, max_idle_ns: 7645041785100000 ns
[    5.082102] futex hash table entries: 256 (order: 2, 16384 bytes)
[    5.083414] pinctrl core: initialized pinctrl subsystem
[    5.084623] RTC time: 16:05:37, date: 08/23/19
[    5.085704] NET: Registered protocol family 16
[    5.086846] cpuidle: using governor ladder
[    5.101774] cpuidle: using governor menu
[    5.102846] PCCT header not found.
[    5.103868] ACPI: bus type PCI registered
[    5.104938] acpiphp: ACPI Hot Plug PCI Controller Driver version: 0.5
[    5.106594] PCI: Using configuration type 1 for base access
[    5.109257] ACPI: Added _OSI(Module Device)
[    5.110327] ACPI: Added _OSI(Processor Device)
[    5.111477] ACPI: Added _OSI(3.0 _SCP Extensions)
[    5.112629] ACPI: Added _OSI(Processor Aggregator Device)
[    5.172749] ACPI: Executed 1 blocks of module-level executable AML code
[    5.179000] ACPI: Interpreter enabled
[    5.201907] ACPI: (supports S0 S5)
[    5.202734] ACPI: Using IOAPIC for interrupt routing
[    5.212287] PCI: Using host bridge windows from ACPI; if necessary, use "pci=nocrs" and report a bug
[    5.720613] ACPI: PCI Root Bridge [PCI0] (domain 0000 [bus 00-ff])
[    5.723776] acpi PNP0A03:00: _OSC: OS supports [ASPM ClockPM Segments MSI]
[    5.724883] acpi PNP0A03:00: _OSC failed (AE_NOT_FOUND); disabling ASPM
[    5.725947] acpi PNP0A03:00: fail to add MMCONFIG information, can't access extended PCI configuration space under this bridge.
[    5.728060] PCI host bridge to bus 0000:00
[    5.728835] pci_bus 0000:00: root bus resource [io  0x0000-0x0cf7 window]
[    5.729920] pci_bus 0000:00: root bus resource [io  0x0d00-0xffff window]
[    5.731050] pci_bus 0000:00: root bus resource [mem 0x000a0000-0x000bffff window]
[    6.102342] pci_bus 0000:00: root bus resource [mem 0x2d000000-0xffdfffff window]
[    6.111906] pci_bus 0000:00: root bus resource [bus 00-ff]
[    6.116027] pci 0000:00:01.1: legacy IDE quirk: reg 0x10: [io  0x01f0-0x01f7]
[    6.130608] pci 0000:00:01.1: legacy IDE quirk: reg 0x14: [io  0x03f6]
[    6.132674] pci 0000:00:01.1: legacy IDE quirk: reg 0x18: [io  0x0170-0x0177]
[    6.203489] pci 0000:00:01.1: legacy IDE quirk: reg 0x1c: [io  0x0376]
[    6.226048] ACPI: PCI Interrupt Link [LNKA] (IRQs 5 9 10 11) *0, disabled.
[    6.530329] ACPI: PCI Interrupt Link [LNKB] (IRQs 5 9 10 *11)
[    6.542598] ACPI: PCI Interrupt Link [LNKC] (IRQs 5 9 *10 11)
[    6.606772] ACPI: PCI Interrupt Link [LNKD] (IRQs 5 *9 10 11)
[    6.613511] ACPI: Enabled 2 GPEs in block 00 to 07
[    6.615290] vgaarb: setting as boot device: PCI:0000:00:02.0
[    6.616769] vgaarb: device added: PCI:0000:00:02.0,decodes=io+mem,owns=io+mem,locks=none
[    6.618973] vgaarb: loaded
[    6.619777] vgaarb: bridge control possible 0000:00:02.0
[    6.621601] SCSI subsystem initialized
[    6.631462] ACPI: bus type USB registered
[    6.632592] usbcore: registered new interface driver usbfs
[    6.633936] usbcore: registered new interface driver hub
[    6.644679] usbcore: registered new device driver usb
[    6.646099] PCI: Using ACPI for IRQ routing
[    6.647453] NetLabel: Initializing
[    6.648361] NetLabel:  domain hash size = 128
[    6.649441] NetLabel:  protocols = UNLABELED CIPSOv4
[    6.650650] NetLabel:  unlabeled traffic allowed by default
[    6.652117] amd_nb: Cannot enumerate AMD northbridges
[    6.715740] clocksource: Switched to clocksource kvm-clock
[    6.724519] AppArmor: AppArmor Filesystem Enabled
[    6.841584] pnp: PnP ACPI init
[    7.069782] pnp: PnP ACPI: found 3 devices
[    7.077092] clocksource: acpi_pm: mask: 0xffffff max_cycles: 0xffffff, max_idle_ns: 2085701024 ns
[    7.249724] NET: Registered protocol family 2
[    7.254705] TCP established hash table entries: 8192 (order: 4, 65536 bytes)
[    7.256335] TCP bind hash table entries: 8192 (order: 5, 131072 bytes)
[    7.257834] TCP: Hash tables configured (established 8192 bind 8192)
[    7.259296] UDP hash table entries: 512 (order: 2, 16384 bytes)
[    7.260706] UDP-Lite hash table entries: 512 (order: 2, 16384 bytes)
[    7.262197] NET: Registered protocol family 1
[    7.263304] pci 0000:00:00.0: Limiting direct PCI/PCI transfers
[    7.264732] pci 0000:00:01.0: Activating ISA DMA hang workarounds
[    7.266266] Unpacking initramfs...
[    7.880778] Freeing initrd memory: 14832K
[    7.958271] RAPL PMU detected, API unit is 2^-32 Joules, 3 fixed counters 10737418240 ms ovfl timer
[    7.962026] hw unit of domain pp0-core 2^-0 Joules
[    7.963996] hw unit of domain package 2^-0 Joules
[    7.965934] hw unit of domain pp1-gpu 2^-0 Joules
[    7.967786] clocksource: tsc: mask: 0xffffffffffffffff max_cycles: 0x2c9567618ac, max_idle_ns: 440795243255 ns
[    7.971681] platform rtc_cmos: registered platform RTC device (no PNP device found)
[    7.992748] Scanning for low memory corruption every 60 seconds
[    7.995107] audit: initializing netlink subsys (disabled)
[    7.997053] audit: type=2000 audit(1566576341.319:1): initialized
[    7.999473] Initialise system trusted keyring
[    8.001206] HugeTLB registered 2 MB page size, pre-allocated 0 pages
[    8.004913] zbud: loaded
[    8.006354] VFS: Disk quotas dquot_6.6.0
[    8.058743] VFS: Dquot-cache hash table entries: 512 (order 0, 4096 bytes)
[    8.061788] squashfs: version 4.0 (2009/01/31) Phillip Lougher
[    8.065141] fuse init (API version 7.23)
[    8.071964] Key type big_key registered
[    8.073550] Allocating IMA MOK and blacklist keyrings.
[    8.075822] Key type asymmetric registered
[    8.081883] Asymmetric key parser 'x509' registered
[    8.083729] Block layer SCSI generic (bsg) driver version 0.4 loaded (major 249)
[    8.086591] io scheduler noop registered
[    8.088045] io scheduler deadline registered (default)
[    8.089962] io scheduler cfq registered
[    8.091511] pci_hotplug: PCI Hot Plug PCI Core version: 0.5
[    8.093443] pciehp: PCI Express Hot Plug Controller Driver version: 0.4
[    8.095666] ACPI: AC Adapter [AC] (on-line)
[    8.097294] input: Power Button as /devices/LNXSYSTM:00/LNXPWRBN:00/input/input0
[    8.099852] ACPI: Power Button [PWRF]
[    8.101316] input: Sleep Button as /devices/LNXSYSTM:00/LNXSLPBN:00/input/input1
[    8.103858] ACPI: Sleep Button [SLPF]
[    8.105494] GHES: HEST is not enabled!
[    8.106963] Serial: 8250/16550 driver, 32 ports, IRQ sharing enabled
[    8.187078] 00:02: ttyS0 at I/O 0x3f8 (irq = 4, base_baud = 115200) is a 16550A
[    8.190486] Linux agpgart interface v0.103
[    8.192865] loop: module loaded
[    8.199988] scsi host0: ata_piix
[    8.211933] scsi host1: ata_piix
[    8.212944] ata1: PATA max UDMA/33 cmd 0x1f0 ctl 0x3f6 bmdma 0xd000 irq 14
[    8.272500] ata2: PATA max UDMA/33 cmd 0x170 ctl 0x376 bmdma 0xd008 irq 15
[    8.274742] libphy: Fixed MDIO Bus: probed
[    8.275805] tun: Universal TUN/TAP device driver, 1.6
[    8.277341] tun: (C) 1999-2004 Max Krasnyansky <maxk@qualcomm.com>
[    8.278886] PPP generic driver version 2.4.2
[    8.280293] ehci_hcd: USB 2.0 'Enhanced' Host Controller (EHCI) Driver
[    8.286053] ehci-pci: EHCI PCI platform driver
[    8.287169] ehci-platform: EHCI generic platform driver
[    8.288437] ohci_hcd: USB 1.1 'Open' Host Controller (OHCI) Driver
[    8.289819] ohci-pci: OHCI PCI platform driver
[    8.290934] ohci-platform: OHCI generic platform driver
[    8.292145] uhci_hcd: USB Universal Host Controller Interface driver
[    8.293637] i8042: PNP: PS/2 Controller [PNP0303:PS2K,PNP0f03:PS2M] at 0x60,0x64 irq 1,12
[    8.295982] serio: i8042 KBD port at 0x60,0x64 irq 1
[    8.297164] serio: i8042 AUX port at 0x60,0x64 irq 12
[    8.298424] mousedev: PS/2 mouse device common for all mice
[    8.299926] input: AT Translated Set 2 keyboard as /devices/platform/i8042/serio0/input/input2
[    8.373171] rtc_cmos rtc_cmos: rtc core: registered rtc_cmos as rtc0
[    8.375075] rtc_cmos rtc_cmos: alarms up to one day, 114 bytes nvram
[    8.376980] i2c /dev entries driver
[    8.378212] device-mapper: uevent: version 1.0.3
[    8.379713] device-mapper: ioctl: 4.34.0-ioctl (2015-10-28) initialised: dm-devel@redhat.com
[    8.382358] ledtrig-cpu: registered to indicate activity on CPUs
[    8.384432] NET: Registered protocol family 10
[    8.386027] NET: Registered protocol family 17
[    8.387373] Key type dns_resolver registered
[    8.388978] registered taskstats version 1
[    8.390253] Loading compiled-in X.509 certificates
[    8.392691] Loaded X.509 cert 'Build time autogenerated kernel key: d14182f9795b80ec340f636a5a08bf5817ccd8e7'
[    8.395436] zswap: loaded using pool lzo/zbud
[    8.398989] Key type trusted registered
[    8.405567] Key type encrypted registered
[    8.411954] AppArmor: AppArmor sha1 policy hashing enabled
[    8.413400] ima: No TPM chip found, activating TPM-bypass!
[    8.414829] ima: Allocated hash algorithm: sha1
[    8.416080] evm: HMAC attrs: 0x1
[    8.482299]   Magic number: 15:949:85
[    8.483650] rtc_cmos rtc_cmos: setting system clock to 2019-08-23 16:05:41 UTC (1566576341)
[    8.486539] BIOS EDD facility v0.16 2004-Jun-25, 0 devices found
[    8.488411] EDD information not available.
[    8.491563] Freeing unused kernel memory: 1488K
[    8.503806] Write protecting the kernel read-only data: 14336k
[    8.506028] Freeing unused kernel memory: 1608K
[    8.510921] Freeing unused kernel memory: 64K
Loading, please wait...
starting version[    8.530590] random: udevadm: uninitialized urandom read (16 bytes read, 3 bits of entropy available)
 229
[    8.582077] random: systemd-udevd: uninitialized urandom read (16 bytes read, 3 bits of entropy available)
[    8.586282] random: systemd-udevd: uninitialized urandom read (16 bytes read, 3 bits of entropy available)
[    8.589958] random: systemd-udevd: uninitialized urandom read (16 bytes read, 3 bits of entropy available)
[    8.593355] random: systemd-udevd: uninitialized urandom read (16 bytes read, 3 bits of entropy available)
[    8.598160] random: udevadm: uninitialized urandom read (16 bytes read, 3 bits of entropy available)
[    8.615962] random: systemd-udevd: uninitialized urandom read (16 bytes read, 3 bits of entropy available)
[    8.627785] random: systemd-udevd: uninitialized urandom read (16 bytes read, 3 bits of entropy available)
[    8.686971] random: udevadm: uninitialized urandom read (16 bytes read, 3 bits of entropy available)
[    8.692263] random: udevadm: uninitialized urandom read (16 bytes read, 3 bits of entropy available)
[    8.938638] e1000: Intel(R) PRO/1000 Network Driver - version 7.3.21-k8-NAPI
[    8.993211] e1000: Copyright (c) 1999-2006 Intel Corporation.
[    9.002170] Fusion MPT base driver 3.04.20
[    9.005959] Copyright (c) 1999-2008 LSI Corporation
[    9.029003] Fusion MPT SPI Host driver 3.04.20
[    9.099765] mptbase: ioc0: Initiating bringup
[    9.234067] input: ImExPS/2 Generic Explorer Mouse as /devices/platform/i8042/serio1/input/input4
[    9.344427] ioc0: LSI53C1030 A0: Capabilities={Initiator}
[    9.538664] scsi host2: ioc0: LSI53C1030 A0, FwRev=00000000h, Ports=1, MaxQ=256, IRQ=20
[    9.665282] scsi 2:0:0:0: Direct-Access     VBOX     HARDDISK         1.0  PQ: 0 ANSI: 5
[    9.702190] scsi target2:0:0: Beginning Domain Validation
[    9.703811] scsi target2:0:0: Domain Validation skipping write tests
[    9.704908] scsi target2:0:0: Ending Domain Validation
[    9.705855] scsi target2:0:0: asynchronous
[    9.707009] scsi 2:0:1:0: Direct-Access     VBOX     HARDDISK         1.0  PQ: 0 ANSI: 5
[    9.708580] scsi target2:0:1: Beginning Domain Validation
[    9.710413] scsi target2:0:1: Domain Validation skipping write tests
[    9.711723] scsi target2:0:1: Ending Domain Validation
[    9.722187] scsi target2:0:1: asynchronous
[   10.239015] sd 2:0:0:0: Attached scsi generic sg0 type 0
[   10.338393] sd 2:0:0:0: [sda] 20971520 512-byte logical blocks: (10.7 GB/10.0 GiB)
[   10.352799] sd 2:0:0:0: [sda] Write Protect is off
[   10.375171] sd 2:0:0:0: [sda] Incomplete mode parameter data
[   10.378138] sd 2:0:0:0: [sda] Assuming drive cache: write through
[   10.447632] sd 2:0:1:0: [sdb] 20480 512-byte logical blocks: (10.5 MB/10.0 MiB)
[   10.577209]  sda: sda1
[   10.791490] sd 2:0:1:0: Attached scsi generic sg1 type 0
[   11.215401] sd 2:0:1:0: [sdb] Write Protect is off
[   11.381982] sd 2:0:1:0: [sdb] Incomplete mode parameter data
[   11.411795] sd 2:0:1:0: [sdb] Assuming drive cache: write through
[   11.414190] sd 2:0:0:0: [sda] Attached SCSI disk
[   11.620602] sd 2:0:1:0: [sdb] Attached SCSI disk
[   11.853522] e1000 0000:00:03.0 eth0: (PCI:33MHz:32-bit) 02:6a:5b:40:72:6f
[   11.941621] e1000 0000:00:03.0 eth0: Intel(R) PRO/1000 Network Connection
[   12.000802] e1000 0000:00:03.0 enp0s3: renamed from eth0
Begin: Loading e[   14.377721] md: linear personality registered for level -1
ssential drivers ... [   14.726990] md: multipath personality registered for level -4
[   14.836558] md: raid0 personality registered for level 0
[   15.219160] md: raid1 personality registered for level 1
[   15.516369] raid6: sse2x1   gen()  2323 MB/s
[   15.740593] raid6: sse2x1   xor()  1370 MB/s
[   16.041301] raid6: sse2x2   gen()  6956 MB/s
[   16.251447] raid6: sse2x2   xor()  1761 MB/s
[   16.461424] raid6: sse2x4   gen()  4756 MB/s
[   16.566233] raid6: sse2x4   xor()  3747 MB/s
[   16.571885] raid6: using algorithm sse2x2 gen() 6956 MB/s
[   16.581783] raid6: .... xor() 1761 MB/s, rmw enabled
[   16.583149] raid6: using ssse3x2 recovery algorithm
[   16.587184] xor: automatically using best checksumming function:
[   16.776242]    avx       : 48095.000 MB/sec
[   16.793956] async_tx: api initialized (async)
[   16.816759] md: raid6 personality registered for level 6
[   16.882697] md: raid5 personality registered for level 5
[   16.883856] md: raid4 personality registered for level 4
[   16.899889] md: raid10 personality registered for level 10
done.
Begin: Running /scripts/init-premount ... done.
Begin: Mounting root file system ... Begin: Running /scripts/local-top ... done.
Begin: Running /scripts/local-premount ... [   17.029123] Btrfs loaded
Scanning for Btrfs filesystems
done.
Warning: fsck no[   17.130580] EXT4-fs (sda1): INFO: recovery required on readonly filesystem
t present, so skipping root file system
[   17.232385] EXT4-fs (sda1): write access will be enabled during recovery
[   17.362710] EXT4-fs (sda1): recovery complete
[   17.401819] EXT4-fs (sda1): mounted filesystem with ordered data mode. Opts: (null)
done.
Begin: Running /scripts/local-bottom ... done.
Begin: Running /scripts/init-bottom ... done.
[   17.872910] systemd[1]: systemd 229 running in system mode. (+PAM +AUDIT +SELINUX +IMA +APPARMOR +SMACK +SYSVINIT +UTMP +LIBCRYPTSETUP +GCRYPT +GNUTLS +ACL +XZ -LZ4 +SECCOMP +BLKID +ELFUTILS +KMOD -IDN)
[   18.113231] systemd[1]: Detected virtualization oracle.
[   18.114804] systemd[1]: Detected architecture x86-64.

Welcome to [1mUbuntu 16.04.6 LTS[0m!

[   18.229324] systemd[1]: Set hostname to <ubuntu-xenial>.
[   18.330070] random: nonblocking pool is initialized
[   19.572908] systemd[1]: Listening on udev Control Socket.
[[0;32m  OK  [0m] Listening on udev Control Socket.
[   19.694342] systemd[1]: Created slice System Slice.
[[0;32m  OK  [0m] Created slice System Slice.
[   19.697739] systemd[1]: Created slice User and Session Slice.
[[0;32m  OK  [0m] Created slice User and Session Slice.
[   19.920085] systemd[1]: Reached target Slices.
[[0;32m  OK  [0m] Reached target Slices.
[   19.940592] systemd[1]: Listening on Device-mapper event daemon FIFOs.
[[0;32m  OK  [0m] Listening on Device-mapper event daemon FIFOs.
[   19.945304] systemd[1]: Listening on Syslog Socket.
[[0;32m  OK  [0m] Listening on Syslog Socket.
[   20.223293] systemd[1]: Started Forward Password Requests to Wall Directory Watch.
[[0;32m  OK  [0m] Started Forward Password Requests to Wall Directory Watch.
[   20.307569] systemd[1]: Started Trigger resolvconf update for networkd DNS.
[[0;32m  OK  [0m] Started Trigger resolvconf update for networkd DNS.
[   20.310765] systemd[1]: Reached target User and Group Name Lookups.
[[0;32m  OK  [0m] Reached target User and Group Name Lookups.
[   20.315127] systemd[1]: Created slice system-serial\x2dgetty.slice.
[[0;32m  OK  [0m] Created slice system-serial\x2dgetty.slice.
[   20.318056] systemd[1]: Listening on Journal Socket (/dev/log).
[[0;32m  OK  [0m] Listening on Journal Socket (/dev/log).
[   20.320801] systemd[1]: Reached target Swap.
[[0;32m  OK  [0m] Reached target Swap.
[   20.323096] systemd[1]: Listening on udev Kernel Socket.
[[0;32m  OK  [0m] Listening on udev Kernel Socket.
[   20.403637] systemd[1]: Listening on LVM2 metadata daemon socket.
[[0;32m  OK  [0m] Listening on LVM2 metadata daemon socket.
[   20.408314] systemd[1]: Reached target Encrypted Volumes.
[[0;32m  OK  [0m] Reached target Encrypted Volumes.
[   20.412793] systemd[1]: Listening on Journal Audit Socket.
[[0;32m  OK  [0m] Listening on Journal Audit Socket.
[   20.417500] systemd[1]: Set up automount Arbitrary Executable File Formats File System Automount Point.
[[0;32m  OK  [0m] Set up automount Arbitrary Executab...ats File System Automount Point.
[   20.423784] systemd[1]: Listening on Journal Socket.
[[0;32m  OK  [0m] Listening on Journal Socket.
[   20.428792] systemd[1]: Starting Monitoring of LVM2 mirrors, snapshots etc. using dmeventd or progress polling...
         Starting Monitoring of LVM2 mirrors... dmeventd or progress polling...
[   20.436683] systemd[1]: Starting Journal Service...
         Starting Journal Service...
[   20.439698] systemd[1]: Mounting Huge Pages File System...
         Mounting Huge Pages File System...
[   20.655312] systemd[1]: Starting Set console keymap...
         Starting Set console keymap...
[   20.746154] systemd[1]: Mounting POSIX Message Queue File System...
         Mounting POSIX Message Queue File System...
[   20.783213] systemd[1]: Starting Remount Root and Kernel File Systems...
         Starting Remount Root and Kernel File Systems...
[   20.864910] systemd[1]: Starting Nameserver information manager...
         Starting Nameserver information manager...
[   20.985592] systemd[1]: Mounting Debug File System...
         [   21.160494] EXT4-fs (sda1): re-mounted. Opts: (null)
Mounting Debug File System...
[   21.340275] systemd[1]: Starting Uncomplicated firewall...
         Starting Uncomplicated firewall...
[   21.358631] systemd[1]: Starting Create list of required static device nodes for the current kernel...
         Starting Create list of required st... nodes for the current kernel...
[   21.550778] systemd[1]: Reached target System Time Synchronized.
[[0;32m  OK  [0m] Reached target System Time Synchronized.
[   21.638181] systemd[1]: Listening on LVM2 poll daemon socket.
[[0;32m  OK  [0m] Listening on LVM2 poll daemon socket.
[   21.651012] systemd[1]: Starting Load Kernel Modules...
         Starting Load Kernel Modules...
[   21.687082] systemd[1]: Listening on /dev/initctl Compatibility Named Pipe.
[[0;32m  OK  [0m] Listening on /dev/initctl Compatibility Named Pipe.
[   21.747694] Loading iSCSI transport class v2.0-870.
[   22.284175] systemd[1]: Mounted Huge Pages File System.
[[0;32m  OK  [0m] Mounted Huge Pages File System.
[   22.411387] systemd[1]: Mounted POSIX Message Queue File System.
[[0;32m  OK  [0m] Mounted POSIX Message Queue File System.
[   22.478920] systemd[1]: Mounted Debug File System.
[   22.481413] iscsi: registered transport (tcp)
[[0;32m  OK  [0m] Mounted Debug File System.
[   22.494245] systemd[1]: Started Journal Service.
[[0;32m  OK  [0m] Started Journal Service.
[[0;32m  OK  [0m] Started Set console keymap.
[[0;32m  OK  [0m] Started Remount Root and Kernel File Systems.
[[0;32m  OK  [0m] Started Uncomplicated firewall.
[[0;32m  OK  [0m] Started Create list of required sta...ce nodes for the current kernel.
[[0;32m  OK  [0m] Started Nameserver information manager.
[   22.787780] iscsi: registered transport (iser)
[[0;32m  OK  [0m] Started LVM2 metadata daemon.
         Starting Create Static Device Nodes in /dev...
         Starting Load/Save Random Seed...
         Starting udev Coldplug all Devices...
         Starting Flush Journal to Persistent Storage...
[[0;32m  OK  [0m] Started Load Kernel Modules.
[[0;32m  OK  [0m] Started Load/Save Random Seed.
[[0;32m  OK  [0m] Started Monitoring of LVM2 mirrors,...ng dmeventd or progress polling.
[[0;32m  OK  [0m] Started Create Static Device Nodes in /dev.
         Starting udev Kernel Device Manager...
[[0;32m  OK  [0m] Reached target Local File Systems (Pre).
[[0;32m  OK  [0m] Reached target Local File Systems.
         Starting Tell Plymouth To Write Out Runtime Data...
         Starting Initial cloud-init job (pre-networking)...
         Starting LSB: AppArmor initialization...
         Starting Set console font and keymap...
         Starting Apply Kernel Variables...
         Mounting FUSE Control File System...
[[0;32m  OK  [0m] Mounted FUSE Control File System.
[[0;32m  OK  [0m] Started udev Coldplug all Devices.
[[0;32m  OK  [0m] Started Tell Plymouth To Write Out Runtime Data.
[   23.621172] systemd-journald[350]: Received request to flush runtime journal from PID 1
[[0;32m  OK  [0m] Started Apply Kernel Variables.
[[0;32m  OK  [0m] Started Flush Journal to Persistent Storage.
         Starting Create Volatile Files and Directories...
[[0;32m  OK  [0m] Started Create Volatile Files and Directories.
[[0;32m  OK  [0m] Started udev Kernel Device Manager.
[[0;32m  OK  [0m] Started Dispatch Password Requests to Console Directory Watch.
         Starting Update UTMP about System Boot/Shutdown...
[[0;32m  OK  [0m] Started Update UTMP about System Boot/Shutdown.
[[0;32m  OK  [0m] Started LSB: AppArmor initialization.
[[0;32m  OK  [0m] Found device /dev/ttyS0.
[[0;32m  OK  [0m] Listening on Load/Save RF Kill Switch Status /dev/rfkill Watch.
[[0;32m  OK  [0m] Started Set console font and keymap.
[[0;32m  OK  [0m] Found device 82540EM Gigabit Ethern...r (PRO/1000 MT Desktop Adapter).
[[0;32m  OK  [0m] Created slice system-getty.slice.
[   24.001444] cloud-init[447]: Cloud-init v. 19.1-1-gbaa47854-0ubuntu1~16.04.1 running 'init-local' at Fri, 23 Aug 2019 16:06:02 +0000. Up 23.18 seconds.
[[0;32m  OK  [0m] Started Initial cloud-init job (pre-networking).
[[0;32m  OK  [0m] Reached target Network (Pre).
[[0;32m  OK  [0m] Started ifup for enp0s3.
         Starting Raise network interfaces...
[[0;32m  OK  [0m] Started Raise network interfaces.
         Starting Initial cloud-init job (metadata service crawler)...
[[0;32m  OK  [0m] Reached target Network.
[   26.851464] cloud-init[968]: Cloud-init v. 19.1-1-gbaa47854-0ubuntu1~16.04.1 running 'init' at Fri, 23 Aug 2019 16:06:05 +0000. Up 25.96 seconds.
[   26.961375] cloud-init[968]: ci-info: ++++++++++++++++++++++++++++++++++++++Net device info++++++++++++++++++++++++++++++++++++++
[   26.974251] cloud-init[968]: ci-info: +--------+------+----------------------------+---------------+--------+-------------------+
[[0;32m  OK  [0m] Started Initial cloud-init job (metadata service crawler).
[   26.988270] cloud-init[968]: ci-info: | Device |  Up  |          Address           |      Mask     | Scope  |     Hw-Address    |
[   26.988604] cloud-init[968]: ci-info: +--------+------+----------------------------+---------------+--------+-------------------+
[   26.988758] cloud-init[968]: ci-info: | enp0s3 | True |         10.0.2.15          | 255.255.255.0 | global | 02:6a:5b:40:72:6f |
[   26.988910] cloud-init[968]: ci-info: | enp0s3 | True | fe80::6a:5bff:fe40:726f/64 |       .       |  link  | 02:6a:5b:40:72:6f |
[   26.989073] cloud-init[968]: ci-info: |   lo   | True |         127.0.0.1          |   255.0.0.0   |  host  |         .         |
[   26.989227] cloud-init[968]: ci-info: |   lo   | True |          ::1/128           |       .       |  host  |         .         |
[   26.989380] cloud-init[968]: ci-info: +--------+------+----------------------------+---------------+--------+-------------------+
[   26.989533] cloud-init[968]: ci-info: +++++++++++++++++++++++++++Route IPv4 info++++++++++++++++++++++++++++
[   26.989684] cloud-init[968]: ci-info: +-------+-------------+----------+---------------+-----------+-------+
[   26.989834] cloud-init[968]: ci-info: | Route | Destination | Gateway  |    Genmask    | Interface | Flags |
[   26.989983] cloud-init[968]: ci-info: +-------+-------------+----------+---------------+-----------+-------+
[   26.990132] cloud-init[968]: ci-info: |   0   |   0.0.0.0   | 10.0.2.2 |    0.0.0.0    |   enp0s3  |   UG  |
[   26.990522] cloud-init[968]: ci-info: |   1   |   10.0.2.0  | 0.0.0.0  | 255.255.255.0 |   enp0s3  |   U   |
[   26.990677] cloud-init[968]: ci-info: +-------+-------------+----------+---------------+-----------+-------+
[   26.990826] cloud-init[968]: ci-info: +++++++++++++++++++Route IPv6 info+++++++++++++++++++
[   26.990974] cloud-init[968]: ci-info: +-------+-------------+---------+-----------+-------+
[   26.991123] cloud-init[968]: ci-info: | Route | Destination | Gateway | Interface | Flags |
[   26.991272] cloud-init[968]: ci-info: +-------+-------------+---------+-----------+-------+
[   26.991421] cloud-init[968]: ci-info: |   0   |  fe80::/64  |    ::   |   enp0s3  |   U   |
[   26.991570] cloud-init[968]: ci-info: |   4   |   ff00::/8  |    ::   |   enp0s3  |   U   |
[   26.991724] cloud-init[968]: ci-info: +-------+-------------+---------+-----------+-------+
[[0;32m  OK  [0m] Reached target Cloud-config availability.
[[0;32m  OK  [0m] Reached target Network is Online.
         Starting iSCSI initiator daemon (iscsid)...
[[0;32m  OK  [0m] Reached target System Initialization.
         Starting LXD - unix socket.
[[0;32m  OK  [0m] Listening on UUID daemon activation socket.
[[0;32m  OK  [0m] Listening on D-Bus System Message Bus Socket.
         Starting Socket activation for snappy daemon.
[[0;32m  OK  [0m] Started Daily apt download activities.
[[0;32m  OK  [0m] Started ACPI Events Check.
[[0;32m  OK  [0m] Reached target Paths.
[[0;32m  OK  [0m] Started Daily apt upgrade and clean activities.
[[0;32m  OK  [0m] Started Daily Cleanup of Temporary Directories.
[[0;32m  OK  [0m] Reached target Timers.
[[0;32m  OK  [0m] Listening on ACPID Listen Socket.
[[0;32m  OK  [0m] Listening on LXD - unix socket.
[[0;32m  OK  [0m] Listening on Socket activation for snappy daemon.
[[0;32m  OK  [0m] Started iSCSI initiator daemon (iscsid).
         Starting Login to default iSCSI targets...
[[0;32m  OK  [0m] Reached target Sockets.
[[0;32m  OK  [0m] Reached target Basic System.
[[0;32m  OK  [0m] Started ACPI event daemon.
         Starting Login Service...
         Starting LSB: Record successful boot for GRUB...
         Starting OpenBSD Secure Shell server...
         Starting Snappy daemon...
[[0;32m  OK  [0m] Started D-Bus System Message Bus.
         Starting Virtualbox guest utils...
[[0;32m  OK  [0m] Started Regular background program processing daemon.
         Starting LSB: MD monitoring daemon...
         Starting Accounts Service...
         Starting /etc/rc.local Compatibility...
[[0;32m  OK  [0m] Started Deferred execution scheduler.
         Starting System Logging Service...
[[0;32m  OK  [0m] Started FUSE filesystem for LXC.
         Starting LXD - container startup/shutdown...
[[0;32m  OK  [0m] Started /etc/rc.local Compatibility.
[[0;32m  OK  [0m] Started OpenBSD Secure Shell server.
[[0;32m  OK  [0m] Started Login to default iSCSI targets.
[[0;32m  OK  [0m] Started Login Service.
[[0;32m  OK  [0m] Started LSB: Record successful boot for GRUB.
[[0;32m  OK  [0m] Started Unattended Upgrades Shutdown.
[[0;32m  OK  [0m] Reached target Remote File Systems (Pre).
[[0;32m  OK  [0m] Reached target Remote File Systems.
         Starting LSB: automatic crash report generation...
         Starting LSB: daemon to balance interrupts for SMP systems...
         Starting Permit User Sessions...
         Starting LSB: Set the CPU Frequency Scaling governor to "ondemand"...
[[0;32m  OK  [0m] Started System Logging Service.
[[0;32m  OK  [0m] Started LSB: MD monitoring daemon.
[[0;32m  OK  [0m] Started Permit User Sessions.
         Starting Authenticate and Authorize Users to Run Privileged Tasks...
         Starting Hold until boot process finishes up...
         Starting Terminate Plymouth Boot Screen...
[[0;32m  OK  [0m] Started Virtualbox guest utils.
[[0;32m  OK  [0m] Started LSB: automatic crash report generation.
[[0;32m  OK  [0m] Started LSB: daemon to balance interrupts for SMP systems.
[[0;32m  OK  [0m] Started LSB: Set the CPU Frequency Scaling governor to "ondemand".
[[0;32m  OK  [0m] Started Hold until boot process finishes up.
[[0;32m  OK  [0m] Started Terminate Plymouth Boot Screen.
[[0;32m  OK  [0m] Created slice User Slice of vagrant.
[[0;32m  OK  [0m] Started Session 1 of user vagrant.
         Starting User Manager for UID 1000...
[[0;32m  OK  [0m] Started Serial Getty on ttyS0.
         Starting Set console scheme...
[[0;32m  OK  [0m] Started Getty on tty1.
[[0;32m  OK  [0m] Reached target Login Prompts.
[[0;32m  OK  [0m] Started Set console scheme.
[[0;32m  OK  [0m] Started User Manager for UID 1000.
[[0;32m  OK  [0m] Started Authenticate and Authorize Users to Run Privileged Tasks.
[[0;32m  OK  [0m] Started Accounts Service.
[[0;32m  OK  [0m] Started Snappy daemon.
         Starting Wait until snapd is fully seeded...
[[0;32m  OK  [0m] Started Wait until snapd is fully seeded.
         Starting Apply the settings specified in cloud-config...
[[0;32m  OK  [0m] Started LXD - container startup/shutdown.
[[0;32m  OK  [0m] Reached target Multi-User System.
[[0;32m  OK  [0m] Reached target Graphical Interface.
         Starting Update UTMP about System Runlevel Changes...
[[0;32m  OK  [0m] Started Update UTMP about System Runlevel Changes.
[   31.819295] cloud-init[1266]: Cloud-init v. 19.1-1-gbaa47854-0ubuntu1~16.04.1 running 'modules:config' at Fri, 23 Aug 2019 16:06:10 +0000. Up 31.53 seconds.
[[0;32m  OK  [0m] Started Apply the settings specified in cloud-config.
         Starting Execute cloud user/final scripts...
[   33.716480] cloud-init[1328]: Cloud-init v. 19.1-1-gbaa47854-0ubuntu1~16.04.1 running 'modules:final' at Fri, 23 Aug 2019 16:06:12 +0000. Up 33.18 seconds.
[   33.933623] cloud-init[1328]: Cloud-init v. 19.1-1-gbaa47854-0ubuntu1~16.04.1 finished at Fri, 23 Aug 2019 16:06:13 +0000. Datasource DataSourceNoCloud [seed=/dev/sdb][dsmode=net].  Up 33.70 seconds
[[0;32m  OK  [0m] Started Execute cloud user/final scripts.
[[0;32m  OK  [0m] Reached target Cloud-init target.

Ubuntu 16.04.6 LTS ubuntu-xenial ttyS0

ubuntu-xenial login: 