[    0.000000] Initializing cgroup subsys cpuset
[    0.000000] Initializing cgroup subsys cpu
[    0.000000] Initializing cgroup subsys cpuacct
[    0.000000] Linux version 4.4.0-159-generic (buildd@lgw01-amd64-042) (gcc version 5.4.0 20160609 (Ubuntu 5.4.0-6ubuntu1~16.04.10) ) #187-Ubuntu SMP Thu Aug 1 16:28:06 UTC 2019 (Ubuntu 4.4.0-159.187-generic 4.4.185)
[    0.000000] Command line: BOOT_IMAGE=/boot/vmlinuz-4.4.0-159-generic root=LABEL=cloudimg-rootfs ro console=tty1 console=ttyS0
[    0.000000] KERNEL supported cpus:
[    0.000000]   Intel GenuineIntel
[    0.000000]   AMD AuthenticAMD
[    0.000000]   Centaur CentaurHauls
[    0.000000] x86/fpu: xstate_offset[2]:  576, xstate_sizes[2]:  256
[    0.000000] x86/fpu: Supporting XSAVE feature 0x01: 'x87 floating point registers'
[    0.000000] x86/fpu: Supporting XSAVE feature 0x02: 'SSE registers'
[    0.000000] x86/fpu: Supporting XSAVE feature 0x04: 'AVX registers'
[    0.000000] x86/fpu: Enabled xstate features 0x7, context size is 832 bytes, using 'standard' format.
[    0.000000] e820: BIOS-provided physical RAM map:
[    0.000000] BIOS-e820: [mem 0x0000000000000000-0x000000000009fbff] usable
[    0.000000] BIOS-e820: [mem 0x000000000009fc00-0x000000000009ffff] reserved
[    0.000000] BIOS-e820: [mem 0x00000000000f0000-0x00000000000fffff] reserved
[    0.000000] BIOS-e820: [mem 0x0000000000100000-0x000000002cfeffff] usable
[    0.000000] BIOS-e820: [mem 0x000000002cff0000-0x000000002cffffff] ACPI data
[    0.000000] BIOS-e820: [mem 0x00000000fffc0000-0x00000000ffffffff] reserved
[    0.000000] NX (Execute Disable) protection: active
[    0.000000] SMBIOS 2.5 present.
[    0.000000] Hypervisor detected: KVM
[    0.000000] e820: last_pfn = 0x2cff0 max_arch_pfn = 0x400000000
[    0.000000] MTRR: Disabled
[    0.000000] x86/PAT: MTRRs disabled, skipping PAT initialization too.
[    0.000000] CPU MTRRs all blank - virtualized system.
[    0.000000] x86/PAT: Configuration [0-7]: WB  WT  UC- UC  WB  WT  UC- UC  
[    0.000000] found SMP MP-table at [mem 0x0009fff0-0x0009ffff] mapped at [ffff88000009fff0]
[    0.000000] Scanning 1 areas for low memory corruption
[    0.000000] RAMDISK: [mem 0x2b961000-0x2c7dcfff]
[    0.000000] ACPI: Early table checksum verification disabled
[    0.000000] ACPI: RSDP 0x00000000000E0000 000024 (v02 VBOX  )
[    0.000000] ACPI: XSDT 0x000000002CFF0030 00003C (v01 VBOX   VBOXXSDT 00000001 ASL  00000061)
[    0.000000] ACPI: FACP 0x000000002CFF00F0 0000F4 (v04 VBOX   VBOXFACP 00000001 ASL  00000061)
[    0.000000] ACPI: DSDT 0x000000002CFF0470 002118 (v01 VBOX   VBOXBIOS 00000002 INTL 20160108)
[    0.000000] ACPI: FACS 0x000000002CFF0200 000040
[    0.000000] ACPI: FACS 0x000000002CFF0200 000040
[    0.000000] ACPI: APIC 0x000000002CFF0240 000054 (v02 VBOX   VBOXAPIC 00000001 ASL  00000061)
[    0.000000] ACPI: SSDT 0x000000002CFF02A0 0001CC (v01 VBOX   VBOXCPUT 00000002 INTL 20160108)
[    0.000000] No NUMA configuration found
[    0.000000] Faking a node at [mem 0x0000000000000000-0x000000002cfeffff]
[    0.000000] NODE_DATA(0) allocated [mem 0x2cfeb000-0x2cfeffff]
[    0.000000] kvm-clock: Using msrs 4b564d01 and 4b564d00
[    0.000000] kvm-clock: cpu 0, msr 0:2cfe3001, primary cpu clock
[    0.000000] kvm-clock: using sched offset of 4581401723 cycles
[    0.000000] clocksource: kvm-clock: mask: 0xffffffffffffffff max_cycles: 0x1cd42e4dffb, max_idle_ns: 881590591483 ns
[    0.000000] Zone ranges:
[    0.000000]   DMA      [mem 0x0000000000001000-0x0000000000ffffff]
[    0.000000]   DMA32    [mem 0x0000000001000000-0x000000002cfeffff]
[    0.000000]   Normal   empty
[    0.000000]   Device   empty
[    0.000000] Movable zone start for each node
[    0.000000] Early memory node ranges
[    0.000000]   node   0: [mem 0x0000000000001000-0x000000000009efff]
[    0.000000]   node   0: [mem 0x0000000000100000-0x000000002cfeffff]
[    0.000000] Initmem setup node 0 [mem 0x0000000000001000-0x000000002cfeffff]
[    0.000000] ACPI: PM-Timer IO Port: 0x4008
[    0.000000] IOAPIC[0]: apic_id 1, version 17, address 0xfec00000, GSI 0-23
[    0.000000] ACPI: INT_SRC_OVR (bus 0 bus_irq 0 global_irq 2 dfl dfl)
[    0.000000] ACPI: INT_SRC_OVR (bus 0 bus_irq 9 global_irq 9 high level)
[    0.000000] Using ACPI (MADT) for SMP configuration information
[    0.000000] smpboot: Allowing 1 CPUs, 0 hotplug CPUs
[    0.000000] PM: Registered nosave memory: [mem 0x00000000-0x00000fff]
[    0.000000] PM: Registered nosave memory: [mem 0x0009f000-0x0009ffff]
[    0.000000] PM: Registered nosave memory: [mem 0x000a0000-0x000effff]
[    0.000000] PM: Registered nosave memory: [mem 0x000f0000-0x000fffff]
[    0.000000] e820: [mem 0x2d000000-0xfffbffff] available for PCI devices
[    0.000000] Booting paravirtualized kernel on KVM
[    0.000000] clocksource: refined-jiffies: mask: 0xffffffff max_cycles: 0xffffffff, max_idle_ns: 7645519600211568 ns
[    0.000000] setup_percpu: NR_CPUS:512 nr_cpumask_bits:512 nr_cpu_ids:1 nr_node_ids:1
[    0.000000] PERCPU: Embedded 34 pages/cpu @ffff88002cc00000 s99544 r8192 d31528 u2097152
[    0.000000] Built 1 zonelists in Node order, mobility grouping on.  Total pages: 181304
[    0.000000] Policy zone: DMA32
[    0.000000] Kernel command line: BOOT_IMAGE=/boot/vmlinuz-4.4.0-159-generic root=LABEL=cloudimg-rootfs ro console=tty1 console=ttyS0
[    0.000000] PID hash table entries: 4096 (order: 3, 32768 bytes)
[    0.000000] Memory: 690660K/736824K available (8618K kernel code, 1335K rwdata, 4032K rodata, 1488K init, 1284K bss, 46164K reserved, 0K cma-reserved)
[    0.000000] SLUB: HWalign=64, Order=0-3, MinObjects=0, CPUs=1, Nodes=1
[    0.000000] Kernel/User page tables isolation: enabled
[    0.000000] Hierarchical RCU implementation.
[    0.000000] 	Build-time adjustment of leaf fanout to 64.
[    0.000000] 	RCU restricting CPUs from NR_CPUS=512 to nr_cpu_ids=1.
[    0.000000] RCU: Adjusting geometry for rcu_fanout_leaf=64, nr_cpu_ids=1
[    0.000000] NR_IRQS:33024 nr_irqs:256 16
[    0.000000] Console: colour VGA+ 80x25
[    0.000000] console [tty1] enabled
[    0.000000] console [ttyS0] enabled
[    0.000000] tsc: Detected 3092.988 MHz processor
[    1.693629] Calibrating delay loop (skipped) preset value.. 6185.97 BogoMIPS (lpj=12371952)
[    1.696372] pid_max: default: 32768 minimum: 301
[    1.697896] ACPI: Core revision 20150930
[    1.700805] ACPI: 2 ACPI AML tables successfully acquired and loaded
[    1.702971] Security Framework initialized
[    1.704331] Yama: becoming mindful.
[    1.705541] AppArmor: AppArmor initialized
[    1.706920] Dentry cache hash table entries: 131072 (order: 8, 1048576 bytes)
[    1.709060] Inode-cache hash table entries: 65536 (order: 7, 524288 bytes)
[    1.711114] Mount-cache hash table entries: 2048 (order: 2, 16384 bytes)
[    1.712939] Mountpoint-cache hash table entries: 2048 (order: 2, 16384 bytes)
[    1.715089] Initializing cgroup subsys io
[    2.005163] Initializing cgroup subsys memory
[    2.006949] Initializing cgroup subsys devices
[    2.008791] Initializing cgroup subsys freezer
[    2.024922  Inttializing cgroup subsys net_cls
[    2.214871] Initializing cgroup subsys perf_event
[    2.215874] Initializing cgroup subsys net_prio
[    2.216896] Initializing cgroup subsys hugetlb
[    2.217861] Initializing cgroup subsys pids
[    2.218873] mce: CPU supports 0 MCE banks
[    2.219791] process: using mwait in idle threads
[    2.220824] Last level iTLB entries: 4KB 512, 2MB 8, 4MB 8
[    2.221945] Last level dTLB entries: 4KB 512, 2MB 32, 4MB 32, 1GB 0
[    2.223164] Spectre V1 : Mitigation: usercopy/swapgs barriers and __user pointer sanitization
[    2.225052] Spectre V2 : Mitigation: Full generic retpoline
[    2.226158] Spectre V2 : Spectre v2 / SpectreRSB mitigation: Filling RSB on context switch
[    2.227840] Speculative Store Bypass: Vulnerable
[    2.228928] MDS: Vulnerable: Clear CPU buffers attempted, no microcode
[    2.330594] Freeing SMP alternatives memory: 36K
[    3.054263] ftrace: allocating 32318 entries in 127 pages
[    3.256435] smpboot: APIC(0) Converting physical 0 to logical package 0
[    3.954858] smpboot: Max logical packages: 1
[    4.186166] ..TIMER: vector=0x30 apic1=0 pin1=2 apic2=-1 pin2=-1
[    4.392102] APIC calibration not consistent with PM-Timer: 140ms instead of 100ms
[    4.448070] APIC delta adjusted to PM-Timer: 6249924 (8750547)
[    4.450460] smpboot: CPU0: Intel(R) Core(TM) i3-2100 CPU @ 3.10GHz (family: 0x6, model: 0x2a, stepping: 0x7)
[    4.454528] Performance Events: unsupported p6 CPU model 42 no PMU driver, software events only.
[    4.474581] KVM setup paravirtual spinlock
[    4.477097] x86: Booted up 1 node, 1 CPUs
[    4.481045] smpboot: Total of 1 processors activated (6185.97 BogoMIPS)
[    4.483522] devtmpfs: initialized
[    4.487103] evm: security.selinux
[    4.488340] evm: security.SMACK64
[    4.489568] evm: security.SMACK64EXEC
[    4.490881] evm: security.SMACK64TRANSMUTE
[    4.492356] evm: security.SMACK64MMAP
[    4.493656] evm: security.ima
[    4.550650] evm: security.capability
[    4.552108] clocksource: jiffies: mask: 0xffffffff max_cycles: 0xffffffff, max_idle_ns: 7645041785100000 ns
[    4.555761] futex hash table entries: 256 (order: 2, 16384 bytes)
[    4.558161] pinctrl core: initialized pinctrl subsystem
[    4.560189] RTC time: 16:57:57, date: 08/23/19
[    4.561967] NET: Registered protocol family 16
[    4.563857] cpuidle: using governor ladder
[    4.565380] cpuidle: using governor menu
[    4.566795] PCCT header not found.
[    4.568191] ACPI: bus type PCI registered
[    4.569626] acpiphp: ACPI Hot Plug PCI Controller Driver version: 0.5
[    4.571796] PCI: Using configuration type 1 for base access
[    4.575254] ACPI: Added _OSI(Module Device)
[    4.576781] ACPI: Added _OSI(Processor Device)
[    4.578288] ACPI: Added _OSI(3.0 _SCP Extensions)
[    4.579878] ACPI: Added _OSI(Processor Aggregator Device)
[    4.582311] ACPI: Executed 1 blocks of module-level executable AML code
[    4.586958] ACPI: Interpreter enabled
[    4.588244] ACPI: (supports S0 S5)
[    4.589454] ACPI: Using IOAPIC for interrupt routing
[    4.591209] PCI: Using host bridge windows from ACPI; if necessary, use "pci=nocrs" and report a bug
[    4.598187] ACPI: PCI Root Bridge [PCI0] (domain 0000 [bus 00-ff])
[    4.600050] acpi PNP0A03:00: _OSC: OS supports [ASPM ClockPM Segments MSI]
[    4.656175] acpi PNP0A03:00: _OSC failed (AE_NOT_FOUND); disabling ASPM
[    4.658273] acpi PNP0A03:00: fail to add MMCONFIG information, can't access extended PCI configuration space under this bridge.
[    4.662350] PCI host bridge to bus 0000:00
[    4.663792] pci_bus 0000:00: root bus resource [io  0x0000-0x0cf7 window]
[    4.665827] pci_bus 0000:00: root bus resource [io  0x0d00-0xffff window]
[    4.667923] pci_bus 0000:00: root bus resource [mem 0x000a0000-0x000bffff window]
[    4.670390] pci_bus 0000:00: root bus resource [mem 0x2d000000-0xffdfffff window]
[    4.672929] pci_bus 0000:00: root bus resource [bus 00-ff]
[    4.676627] pci 0000:00:01.1: legacy IDE quirk: reg 0x10: [io  0x01f0-0x01f7]
[    4.678663] pci 0000:00:01.1: legacy IDE quirk: reg 0x14: [io  0x03f6]
[    4.680597] pci 0000:00:01.1: legacy IDE quirk: reg 0x18: [io  0x0170-0x0177]
[    4.682613] pci 0000:00:01.1: legacy IDE quirk: reg 0x1c: [io  0x0376]
[    4.758314] ACPI: PCI Interrupt Link [LNKA] (IRQs 5 9 10 11) *0, disabled.
[    4.775857] ACPI: PCI Interrupt Link [LNKB] (IRQs 5 9 10 *11)
[    4.778869] ACPI: PCI Interrupt Link [LNKC] (IRQs 5 9 *10 11)
[    4.798250] ACPI: PCI Interrupt Link [LNKD] (IRQs 5 *9 10 11)
[    4.857348] ACPI: Enabled 2 GPEs in block 00 to 07
[    4.863429] vgaarb: setting as boot device: PCI:0000:00:02.0
[    4.865838] vgaarb: device added: PCI:0000:00:02.0,decodes=io+mem,owns=io+mem,locks=none
[    4.869424] vgaarb: loaded
[    4.870758] vgaarb: bridge control possible 0000:00:02.0
[    4.873452] SCSI subsystem initialized
[    4.875272] ACPI: bus type USB registered
[    4.877133] usbcore: registered new interface driver usbfs
[    4.879360] usbcore: registered new interface driver hub
[    4.885041] usbcore: registered new device driver usb
[    4.887280] PCI: Using ACPI for IRQ routing
[    4.889390] NetLabel: Initializing
[    4.890823] NetLabel:  domain hash size = 128
[    4.892575] NetLabel:  protocols = UNLABELED CIPSOv4
[    4.894471] NetLabel:  unlabeled traffic allowed by default
[    4.896662] amd_nb: Cannot enumerate AMD northbridges
[    4.898564] clocksource: Switched to clocksource kvm-clock
[    4.965734] AppArmor: AppArmor Filesystem Enabled
[    4.969267] pnp: PnP ACPI init
[    4.971768] pnp: PnP ACPI: found 3 devices
[    4.980881] clocksource: acpi_pm: mask: 0xffffff max_cycles: 0xffffff, max_idle_ns: 2085701024 ns
[    4.986431] NET: Registered protocol family 2
[    4.988242] TCP established hash table entries: 8192 (order: 4, 65536 bytes)
[    4.990479] TCP bind hash table entries: 8192 (order: 5, 131072 bytes)
[    4.992621] TCP: Hash tables configured (established 8192 bind 8192)
[    4.994667] UDP hash table entries: 512 (order: 2, 16384 bytes)
[    4.996638] UDP-Lite hash table entries: 512 (order: 2, 16384 bytes)
[    4.998643] NET: Registered protocol family 1
[    5.000200] pci 0000:00:00.0: Limiting direct PCI/PCI transfers
[    5.002054] pci 0000:00:01.0: Activating ISA DMA hang workarounds
[    5.004107] Unpacking initramfs...
[    5.638954] Freeing initrd memory: 14832K
[    5.695853] RAPL PMU detected, API unit is 2^-32 Joules, 3 fixed counters 10737418240 ms ovfl timer
[    5.699375] hw unit of domain pp0-core 2^-0 Joules
[    5.701465] hw unit of domain package 2^-0 Joules
[    5.703354] hw unit of domain pp1-gpu 2^-0 Joules
[    5.705252] clocksource: tsc: mask: 0xffffffffffffffff max_cycles: 0x2c9567618ac, max_idle_ns: 440795243255 ns
[    5.708876] platform rtc_cmos: registered platform RTC device (no PNP device found)
[    5.711877] Scanning for low memory corruption every 60 seconds
[    5.714387] audit: initializing netlink subsys (disabled)
[    5.716440] audit: type=2000 audit(1566579479.551:1): initialized
[    5.718897] Initialise system trusted keyring
[    5.720632] HugeTLB registered 2 MB page size, pre-allocated 0 pages
[    5.724550] zbud: loaded
[    5.726092] VFS: Disk quotas dquot_6.6.0
[    5.727691] VFS: Dquot-cache hash table entries: 512 (order 0, 4096 bytes)
[    5.730222] squashfs: version 4.0 (2009/01/31) Phillip Lougher
[    5.733255] fuse init (API version 7.23)
[    5.736718] Key type big_key registered
[    5.738149] Allocating IMA MOK and blacklist keyrings.
[    5.796143] Key type asymmetric registered
[    5.803113] Asymmetric key parser 'x509' registered
[    5.805183] Block layer SCSI generic (bsg) driver version 0.4 loaded (major 249)
[    5.808311] io scheduler noop registered
[    5.809953] io scheduler deadline registered (default)
[    5.812074] io scheduler cfq registered
[    5.813820] pci_hotplug: PCI Hot Plug PCI Core version: 0.5
[    5.815955] pciehp: PCI Express Hot Plug Controller Driver version: 0.4
[    5.818453] ACPI: AC Adapter [AC] (on-line)
[    5.820218] input: Power Button as /devices/LNXSYSTM:00/LNXPWRBN:00/input/input0
[    5.823088] ACPI: Power Button [PWRF]
[    5.824708] input: Sleep Button as /devices/LNXSYSTM:00/LNXSLPBN:00/input/input1
[    6.150296] ACPI: Sleep Button [SLPF]
[    6.216109] GHES: HEST is not enabled!
[    6.217504] Serial: 8250/16550 driver, 32 ports, IRQ sharing enabled
[    6.243136] 00:02: ttyS0 at I/O 0x3f8 (irq = 4, base_baud = 115200) is a 16550A
[    6.246718] Linux agpgart interface v0.103
[    6.249988] loop: module loaded
[    6.255543] scsi host0: ata_piix
[    6.256565] scsi host1: ata_piix
[    6.257551] ata1: PATA max UDMA/33 cmd 0x1f0 ctl 0x3f6 bmdma 0xd000 irq 14
[    6.259099] ata2: PATA max UDMA/33 cmd 0x170 ctl 0x376 bmdma 0xd008 irq 15
[    6.356248] libphy: Fixed MDIO Bus: probed
[    6.362290] tun: Universal TUN/TAP device driver, 1.6
[    6.365284] tun: (C) 1999-2004 Max Krasnyansky <maxk@qualcomm.com>
[    6.464564] PPP generic driver version 2.4.2
[    6.764942] ehci_hcd: USB 2.0 'Enhanced' Host Controller (EHCI) Driver
[    7.194853] ehci-pci: EHCI PCI platform driver
[    7.394924] ehci-platform: EHCI generic platform driver
[    7.396420] ohci_hcd: USB 1.1 'Open' Host Controller (OHCI) Driver
[    7.398094] ohci-pci: OHCI PCI platform driver
[    7.399475] ohci-platform: OHCI generic platform driver
[    7.455609] uhci_hcd: USB Universal Host Controller Interface driver
[    7.495473] i8042: PNP: PS/2 Controller [PNP0303:PS2K,PNP0f03:PS2M] at 0x60,0x64 irq 1,12
[    8.006326] serio: i8042 KBD port at 0x60,0x64 irq 1
[    8.114946] serio: i8042 AUX port at 0x60,0x64 irq 12
[    8.116429] mousedev: PS/2 mouse device common for all mice
[    8.118202] input: AT Translated Set 2 keyboard as /devices/platform/i8042/serio0/input/input2
[    8.171900] rtc_cmos rtc_cmos: rtc core: registered rtc_cmos as rtc0
[    8.515060] rtc_cmos rtc_cmos: alarms up to one day, 114 bytes nvram
[    8.594849] i2c /dev entries driver
[    8.595818] device-mapper: uevent: version 1.0.3
[    8.597010] device-mapper: ioctl: 4.34.0-ioctl (2015-10-28) initialised: dm-devel@redhat.com
[    8.598960] ledtrig-cpu: registered to indicate activity on CPUs
[    8.600641] NET: Registered protocol family 10
[    8.604922] NET: Registered protocol family 17
[    8.605953] Key type dns_resolver registered
[    8.607211] registered taskstats version 1
[    8.608267] Loading compiled-in X.509 certificates
[    8.610260] Loaded X.509 cert 'Build time autogenerated kernel key: d14182f9795b80ec340f636a5a08bf5817ccd8e7'
[    8.612426] zswap: loaded using pool lzo/zbud
[    8.615737] Key type trusted registered
[    8.620341] Key type encrypted registered
[    8.621260] AppArmor: AppArmor sha1 policy hashing enabled
[    8.622299] ima: No TPM chip found, activating TPM-bypass!
[    8.623373] ima: Allocated hash algorithm: sha1
[    8.624293] evm: HMAC attrs: 0x1
[    8.625246]   Magic number: 15:879:995
[    8.626114] rtc_cmos rtc_cmos: setting system clock to 2019-08-23 16:58:01 UTC (1566579481)
[    8.627896] BIOS EDD facility v0.16 2004-Jun-25, 0 devices found
[    8.629023] EDD information not available.
[    8.631279] Freeing unused kernel memory: 1488K
[    8.722616] Write protecting the kernel read-only data: 14336k
[    9.135341] Freeing unused kernel memory: 1608K
[    9.474789] Freeing unused kernel memory: 64K
Loading, please wait...
starting version 229
[    9.668694] random: udevadm: uninitialized urandom read (16 bytes read, 4 bits of entropy available)
[   10.297034] random: systemd-udevd: uninitialized urandom read (16 bytes read, 4 bits of entropy available)
[   10.300181] random: systemd-udevd: uninitialized urandom read (16 bytes read, 4 bits of entropy available)
[   10.303088] random: systemd-udevd: uninitialized urandom read (16 bytes read, 4 bits of entropy available)
[   10.306075] random: systemd-udevd: uninitialized urandom read (16 bytes read, 4 bits of entropy available)
[   10.310414] random: udevadm: uninitialized urandom read (16 bytes read, 4 bits of entropy available)
[   10.380489] random: systemd-udevd: uninitialized urandom read (16 bytes read, 4 bits of entropy available)
[   10.724245] random: udevadm: uninitialized urandom read (16 bytes read, 4 bits of entropy available)
[   10.732775] random: udevadm: uninitialized urandom read (16 bytes read, 4 bits of entropy available)
[   10.796232] random: udevadm: uninitialized urandom read (16 bytes read, 4 bits of entropy available)
[   10.939654] e1000: Intel(R) PRO/1000 Network Driver - version 7.3.21-k8-NAPI
[   11.235553] e1000: Copyright (c) 1999-2006 Intel Corporation.
[   11.241960] Fusion MPT base driver 3.04.20
[   11.244298] Copyright (c) 1999-2008 LSI Corporation
[   11.263403] Fusion MPT SPI Host driver 3.04.20
[   12.069680] input: ImExPS/2 Generic Explorer Mouse as /devices/platform/i8042/serio1/input/input4
[   12.779564] e1000 0000:00:03.0 eth0: (PCI:33MHz:32-bit) 02:6a:5b:40:72:6f
[   12.786211] e1000 0000:00:03.0 eth0: Intel(R) PRO/1000 Network Connection
[   12.791222] e1000 0000:00:03.0 enp0s3: renamed from eth0
[   12.798980] mptbase: ioc0: Initiating bringup
[   12.866934] ioc0: LSI53C1030 A0: Capabilities={Initiator}
[   13.037082] scsi host2: ioc0: LSI53C1030 A0, FwRev=00000000h, Ports=1, MaxQ=256, IRQ=20
[   13.155317] scsi 2:0:0:0: Direct-Access     VBOX     HARDDISK         1.0  PQ: 0 ANSI: 5
[   13.305858] scsi target2:0:0: Beginning Domain Validation
[   13.308403] scsi target2:0:0: Domain Validation skipping write tests
[   13.310022] scsi target2:0:0: Ending Domain Validation
[   13.311522] scsi target2:0:0: asynchronous
[   13.313184] scsi 2:0:1:0: Direct-Access     VBOX     HARDDISK         1.0  PQ: 0 ANSI: 5
[   13.315458] scsi target2:0:1: Beginning Domain Validation
[   13.318151] scsi target2:0:1: Domain Validation skipping write tests
[   13.319741] scsi target2:0:1: Ending Domain Validation
[   13.321136] scsi target2:0:1: asynchronous
[   13.327205] sd 2:0:0:0: Attached scsi generic sg0 type 0
[   13.810170] sd 2:0:0:0: [sda] 20971520 512-byte logical blocks: (10.7 GB/10.0 GiB)
[   14.036043] sd 2:0:0:0: [sda] Write Protect is off
[   14.063354] sd 2:0:1:0: [sdb] 20480 512-byte logical blocks: (10.5 MB/10.0 MiB)
[   14.125886] sd 2:0:1:0: Attached scsi generic sg1 type 0
[   14.128103] sd 2:0:0:0: [sda] Incomplete mode parameter data
[   14.129925] sd 2:0:0:0: [sda] Assuming drive cache: write through
[   14.149517] sd 2:0:1:0: [sdb] Write Protect is off
[   14.375643] sd 2:0:1:0: [sdb] Incomplete mode parameter data
[   14.377316] sd 2:0:1:0: [sdb] Assuming drive cache: write through
[   14.430507]  sda: sda1
[   14.586011] sd 2:0:0:0: [sda] Attached SCSI disk
[   15.086819] sd 2:0:1:0: [sdb] Attached SCSI disk
Begin: Loading essential drivers ... [   17.260217] md: linear personality registered for level -1
[   17.271789] md: multipath personality registered for level -4
[   17.281676] md: raid0 personality registered for level 0
[   17.291398] md: raid1 personality registered for level 1
[   17.459496] raid6: sse2x1   gen()  4460 MB/s
[   17.564445] raid6: sse2x1   xor()  1270 MB/s
[   17.669366] raid6: sse2x2   gen()  4335 MB/s
[   17.774368] raid6: sse2x2   xor()  3674 MB/s
[   17.879335] raid6: sse2x4   gen()  6222 MB/s
[   17.984426] raid6: sse2x4   xor()  3289 MB/s
[   17.986007] raid6: using algorithm sse2x4 gen() 6222 MB/s
[   17.987811] raid6: .... xor() 3289 MB/s, rmw enabled
[   17.989463] raid6: using ssse3x2 recovery algorithm
[   17.994351] xor: automatically using best checksumming function:
[   18.194442]    avx       : 41970.000 MB/sec
[   18.208836] async_tx: api initialized (async)
[   18.237316] md: raid6 personality registered for level 6
[   18.304572] md: raid5 personality registered for level 5
[   18.306197] md: raid4 personality registered for level 4
[   18.318390] md: raid10 personality registered for level 10
done.
Begin: Running /scripts/init-premount ... done.
Begin: Mounting root file system ... Begin: Running /scripts/local-top ... done.
Begin: Running[   18.435485] Btrfs loaded
 /scripts/local-premount ... Scanning for Btrfs filesystems
done.
Warning: fsck not present, so skipping root file system
[   18.562891] EXT4-fs (sda1): mounted filesystem with ordered data mode. Opts: (null)
done.
Begin: Running /scripts/local-bottom ... done.
Begin: Running /scripts/init-bottom ... done.
[   18.974584] systemd[1]: systemd 229 running in system mode. (+PAM +AUDIT +SELINUX +IMA +APPARMOR +SMACK +SYSVINIT +UTMP +LIBCRYPTSETUP +GCRYPT +GNUTLS +ACL +XZ -LZ4 +SECCOMP +BLKID +ELFUTILS +KMOD -IDN)
[   18.989981] systemd[1]: Detected virtualization oracle.
[   18.991902] systemd[1]: Detected architecture x86-64.

Welcome to [1mUbuntu 16.04.6 LTS[0m!

[   19.007927] systemd[1]: Set hostname to <ubuntu>.
[   19.023078] systemd[1]: Initializing machine ID from random generator.
[   19.032248] systemd[1]: Installed transient /etc/machine-id file.
[   19.523901] random: nonblocking pool is initialized
[   19.756031] systemd[1]: Listening on Journal Socket (/dev/log).
[[0;32m  OK  [0m] Listening on Journal Socket (/dev/log).
[   20.279335] systemd[1]: Created slice System Slice.
[[0;32m  OK  [0m] Created slice System Slice.
[   20.282980] systemd[1]: Started Forward Password Requests to Wall Directory Watch.
[[0;32m  OK  [0m] Started Forward Password Requests to Wall Directory Watch.
[   20.287883] systemd[1]: Listening on udev Control Socket.
[[0;32m  OK  [0m] Listening on udev Control Socket.
[   20.291705] systemd[1]: Set up automount Arbitrary Executable File Formats File System Automount Point.
[[0;32m  OK  [0m] Set up automount Arbitrary Executab...ats File System Automount Point.
[   20.296798] systemd[1]: Reached target Encrypted Volumes.
[[0;32m  OK  [0m] Reached target Encrypted Volumes.
[   20.300263] systemd[1]: Reached target Swap.
[[0;32m  OK  [0m] Reached target Swap.
[   20.396535] systemd[1]: Listening on /dev/initctl Compatibility Named Pipe.
[[0;32m  OK  [0m] Listening on /dev/initctl Compatibility Named Pipe.
[   20.400647] systemd[1]: Reached target System Time Synchronized.
[[0;32m  OK  [0m] Reached target System Time Synchronized.
[   20.404479] systemd[1]: Listening on Journal Socket.
[[0;32m  OK  [0m] Listening on Journal Socket.
[   20.409153] systemd[1]: Mounting Debug File System...
         Mounting Debug File System...
[   20.468140] systemd[1]: Starting Set console keymap...
         Starting Set console keymap...
[   20.591876] systemd[1]: Mounting POSIX Message Queue File System...
         Mounting POSIX Message Queue File System...
[   20.615996] systemd[1]: Starting Create list of required static device nodes for the current kernel...
         Starting Create list of required st... nodes for the current kernel...
[   21.128316] systemd[1]: Starting Uncomplicated firewall...
         Starting Uncomplicated firewall...
[   21.231783] systemd[1]: Mounting Huge Pages File System...
         Mounting Huge Pages File System...
[   21.720179] systemd[1]: Listening on LVM2 poll daemon socket.
[[0;32m  OK  [0m] Listening on LVM2 poll daemon socket.
[   21.728372] systemd[1]: Starting Load Kernel Modules...
         Starting Load Kernel Modules...
[   21.743803] systemd[1]: Starting Remount Root and Kernel File Systems...
         Starting Remount Root and Kernel[   22.156686] EXT4-fs (sda1): re-mounted. Opts: (null)
 File Systems...
[   22.787089] systemd[1]: Started Trigger resolvconf update for networkd DNS.
[[0;32m  OK  [0m] Started Trigger resolvconf update for networkd DNS.
[   22.914463] systemd[1]: Listening on Device-mapper event daemon FIFOs.
[   22.965849] Loading iSCSI transport class v2.0-870.
[[0;32m  OK  [0m] Listening on Device-mapper event daemon FIFOs.
[   23.107341] systemd[1]: Created slice system-serial\x2dgetty.slice.
[[0;32m  OK  [0m] Created slice system-serial\x2dgetty.slice.
[   23.111297] systemd[1]: Listening on Journal Audit Socket.
[[0;32m  OK  [0m] Listening on Journal Audit Socket.
[   23.191542] systemd[1]: Created slice User and Session Slice.
[   23.206197] iscsi: registered transport (tcp)
[[0;32m  OK  [0m] Created slice User and Session Slice.
[   23.210228] systemd[1]: Reached target Slices.
[[0;32m  OK  [0m] Reached target Slices.
[   23.213556] systemd[1]: Listening on udev Kernel Socket.
[[0;32m  OK  [0m] Listening on udev Kernel Socket.
[   23.217017] systemd[1]: Reached target User and Group Name Lookups.
[[0;32m  OK  [0m] Reached target User and Group Name Lookups.
[   23.616862] iscsi: registered transport (iser)
[   23.705081] systemd[1]: Listening on Syslog Socket.
[[0;32m  OK  [0m] Listening on Syslog Socket.
[   23.710184] systemd[1]: Starting Journal Service...
         Starting Journal Service...
[   23.718625] systemd[1]: Starting Nameserver information manager...
         Starting Nameserver information manager...
[   23.725225] systemd[1]: Listening on LVM2 metadata daemon socket.
[[0;32m  OK  [0m] Listening on LVM2 metadata daemon socket.
[   23.735215] systemd[1]: Starting Monitoring of LVM2 mirrors, snapshots etc. using dmeventd or progress polling...
         Starting Monitoring of LVM2 mirrors... dmeventd or progress polling...
[   23.901262] systemd[1]: Mounted Huge Pages File System.
[[0;32m  OK  [0m] Mounted Huge Pages File System.
[   24.008814] systemd[1]: Mounted POSIX Message Queue File System.
[[0;32m  OK  [0m] Mounted POSIX Message Queue File System.
[   24.011545] systemd[1]: Mounted Debug File System.
[[0;32m  OK  [0m] Mounted Debug File System.
[   24.014863] systemd[1]: Started Set console keymap.
[[0;32m  OK  [0m] Started Set console keymap.
[   24.018195] systemd[1]: Started Create list of required static device nodes for the current kernel.
[[0;32m  OK  [0m] Started Create list of required sta...ce nodes for the current kernel.
[   24.022786] systemd[1]: Started Uncomplicated firewall.
[[0;32m  OK  [0m] Started Uncomplicated firewall.
[   24.026218] systemd[1]: Started Load Kernel Modules.
[[0;32m  OK  [0m] Started Load Kernel Modules.
[   24.796919] systemd[1]: Started Remount Root and Kernel File Systems.
[[0;32m  OK  [0m] Started Remount Root and Kernel File Systems.
[   24.962103] systemd[1]: Started Journal Service.
[[0;32m  OK  [0m] Started Journal Service.
[[0;32m  OK  [0m] Started Nameserver information manager.
[[0;32m  OK  [0m] Started LVM2 metadata daemon.
         Starting Flush Journal to Persistent Storage...
         Starting udev Coldplug all Devices...
         Starting Load/Save Random Seed...
         Mounting FUSE Control File System...
         Starting Apply Kernel Variables...
         Starting Create Static Device Nodes in /dev...
[[0;32m  OK  [0m] Mounted FUSE Control File System.
[[0;32m  OK  [0m] Started Monitoring of LVM2 mirrors,...ng dmeventd or progress polling.
[[0;32m  OK  [0m] Started Load/Save Random Seed.
[[0;32m  OK  [0m] Started Apply Kernel Variables.
[[0;32m  OK  [0m] Started Create Static Device Nodes in /dev.
[[0;32m  OK  [0m] Started udev Coldplug all Devices.
[[0;32m  OK  [0m] Started Flush Journal to Persistent Storage.
         Starting udev Kernel Device Manager...
[[0;32m  OK  [0m] Reached target Local File Systems (Pre).
[[0;32m  OK  [0m] Reached target Local File Systems.
         Starting Set console font and keymap...
         Starting Tell Plymouth To Write Out Runtime Data...
         Starting Create Volatile Files and Directories...
         Starting Initial cloud-init job (pre-networking)...
         Starting Commit a transient machine-id on disk...
         Starting LSB: AppArmor initialization...
[[0;32m  OK  [0m] Started Tell Plymouth To Write Out Runtime Data.
[[0;32m  OK  [0m] Started Commit a transient machine-id on disk.
[[0;32m  OK  [0m] Started udev Kernel Device Manager.
[[0;32m  OK  [0m] Started Create Volatile Files and Directories.
         Starting Update UTMP about System Boot/Shutdown...
[[0;32m  OK  [0m] Started Dispatch Password Requests to Console Directory Watch.
[[0;32m  OK  [0m] Started Update UTMP about System Boot/Shutdown.
[[0;32m  OK  [0m] Found device /dev/ttyS0.
[[0;32m  OK  [0m] Listening on Load/Save RF Kill Switch Status /dev/rfkill Watch.
[   31.432422] cloud-init[461]: Cloud-init v. 19.1-1-gbaa47854-0ubuntu1~16.04.1 running 'init-local' at Fri, 23 Aug 2019 16:58:26 +0000. Up 29.10 seconds.
[[0;32m  OK  [0m] Started Set console font and keymap.
[[0;32m  OK  [0m] Created slice system-getty.slice.
[[0;32m  OK  [0m] Started Initial cloud-init job (pre-networking).
[[0;32m  OK  [0m] Reached target Network (Pre).
[[0;32m  OK  [0m] Started LSB: AppArmor initialization.
         Starting Raise network interfaces...
[[0;32m  OK  [0m] Started Raise network interfaces.
[[0;32m  OK  [0m] Reached target Network.
         Starting Initial cloud-init job (metadata service crawler)...
[   35.894766] cloud-init[948]: Cloud-init v. 19.1-1-gbaa47854-0ubuntu1~16.04.1 running 'init' at Fri, 23 Aug 2019 16:58:31 +0000. Up 34.02 seconds.
[   36.112627] cloud-init[948]: ci-info: ++++++++++++++++++++++++++++++++++++++Net device info++++++++++++++++++++++++++++++++++++++
[[0;32m  OK  [0m] Started Initial cloud-init job (metadata service crawler).
[   36.167783] cloud-init[948]: ci-info: +--------+------+----------------------------+---------------+--------+-------------------+
[   36.217958] cloud-init[948]: ci-info: | Device |  Up  |          Address           |      Mask     | Scope  |     Hw-Address    |[[0;32m  OK  [0m] Reached target Network is Online.
         Starting iSCSI initiator daemon (iscsid)...
[   36.224713] cloud-init[948]: ci-info: +--------+------+----------------------------+---------------+--------+-------------------+
[   36.227217] cloud-init[948]: ci-info: | enp0s3 | True |         10.0.2.15          | 255.255.255.0 | global | 02:6a:5b:40:72:6f |
[[0;32m  OK  [0m] Reached target System Initialization.
[[0;32m  OK  [0m
[   36.232450] cloud-init[948]: ci-info: | enp0s3 | True | fe80::6a:5bff:fe40:726f/64 |       .       |  link  | 02:6a:5b:40:72:6f |
[   36.234764] cloud-init[948]: ci-info: |   lo   | True |         127.0.0.1          |   255.0.0.0   |  host  |         .         |] Started Daily apt download activities.
[[0;32m  OK  [0m] Started Daily apt upgrade and clean activities.

[   36.241034] cloud-init[948]: ci-info: |   lo   | True |          ::1/128           |       .       |  host  |         .         |
[   36.245272] cloud-init[948]: ci-info: +--------+------+----------------------------+---------------+--------+-------------------+
[   36.248988] cloud-init[948]: ci-info: +++++++++++++++++++++++++++Route IPv4 info++++++++++++++++++++++++++++
[   36.251454] cloud-init[948]:          Starting LXD - unix socket.
[[0;32m  OK  [0m] Listening on D-Bus System Message Bus Socket.
[[0;32m  OK  [0mci-info: +-------+-------------+----------+---------------+-----------+-------+
[   36.256993] cloud-init[948]: ci-info: | Route | Destination | Gateway  |    Genmask    | Interface | Flags |
[   36.257081] cloud-init[948]: ci-info: +-------+-------------+----------+---------------+-----------+-------+
[   36.257158] cloud-init[948]: ci-info: |   0   |   0.0.0.0   | 10.0.2.2 |    0.0.0.0    |   enp0s3  |   UG  |
[   36.257233] cloud-init[948]: ci-info: |   1   |   10.0.2.0  | 0.0.0.0  | 255.255.255.0 |   enp0s3  |   U   |
[   36.257312] cloud-init[948]: ci-info: +-------+-------------+----------+---------------+-----------+-------+
[   36.257396] cloud-init[948]: ci-info: +++++++++++++++++++Route IPv6 info+++++++++++++++++++
[   36.257473] cloud-init[948]: ci-info: +-------+-------------+---------+-----------+-------+
[   36.257547] cloud-init[948]: ci-info: | Route | Destination | Gateway | Interface | Flags |
[   36.257623] cloud-init[948]: ci-info: +-------+-------------+---------+-----------+-------+
[   36.257696] cloud-init[948]: ci-info: |   0   |  fe80::/64  |    ::   |   enp0s3  |   U   |
[   36.257775] cloud-init[948]: ci-info: |   4   |   ff00::/8  |    ::   |   enp0s3  |   U   |
[   36.257851] cloud-init[948]: ci-info: +-------+-------------+---------+-----------+-------+
[   36.258209] cloud-init[948]: Generating public/private rsa key pair.
] Listening on UUID daemon activation socket.
[[0;32m  OK  [0m] Started Daily Cleanup of Temporary Directories.
[[0;32m  OK  [0m] Reached target Timers.
         Starting Socket activation for snappy daemon.[   36.258293] cloud-init[948]: Your identification has been saved in /etc/ssh/ssh_host_rsa_key.
[   36.293588] cloud-init[948]: Your public key has been saved in /etc/ssh/ssh_host_rsa_key.pub.
[   36.293674] cloud-init[948]: The key fingerprint is:
[   36.293756] cloud-init[948]: SHA256:roCb4chLQseAsUs/W61YQcqmg0Hvx1C8zpfkIHJMo6g root@ubuntu-xenial
[   36.293845] cloud-init[948]: The key's randomart image is:
[   36.293926] cloud-init[948]: +---[RSA 2048]----+
[   36.294006] cloud-init[948]: |..  .o           |
[   36.294087] cloud-init[948]: |oooo+.           |
[   36.294167] cloud-init[948]: |=o+*...          |
[   36.294247] cloud-init[948]: |+=B+ooo.         |
[   36.294327] cloud-init[948]: |++o*+=+.S        |
[   36.294407] cloud-init[948]: |E o.Bo.=         |
[   36.294487] cloud-init[948]: |..oo... .        |
[   36.294567] cloud-init[948]: |+o + . .         |
[   36.294648] cloud-init[948]: |.o=   .          |
[   36.294735] cloud-init[948]: +----[SHA256]-----+
[   36.294816] cloud-init[948]: Generating public/private dsa key pair.
[   36.294899] cloud-init[948]: Your identification has been saved in /etc/ssh/ssh_host_dsa_key.
[   36.294980] cloud-init[948]: Your public key has been saved in /etc/ssh/ssh_host_dsa_key.pub.
[   36.295063] cloud-init[948]: The key fingerprint is:
[   36.295148] cloud-init[948]: SHA256:Gq3e+dUcccI2f0Nb47QD5ii8ERCl2spXiJUnac8WSXc root@ubuntu-xenial
[   36.295229] cloud-init[948]: The key's randomart image is:
[   36.295311] cloud-init[948]: +---[DSA 1024]----+
[   36.295391] cloud-init[948]: |       ooo . E   |
[   36.295471] cloud-init[948]: |        * o ..   |
[   36.295553] cloud-init[948]: |       B =   o*+o|
[   36.295634] cloud-init[948]: |      *.B o +.=*=|
[   36.295716] cloud-init[948]: |     o.oSO . ..*o|
[   36.295796] cloud-init[948]: |    . .+o +  o .+|
[   36.295876] cloud-init[948]: |     oo. .  . o  |
[   36.295963] cloud-init[948]: |     ... . .     |

[   36.299973] cloud-init[948]: |      . o..      |
[[   36.632388] cloud-init[948]: +----[SHA256]-----+
[   36.633879] cloud-init[948]: Generating public/private ecdsa key pair.
[   36.634244] cloud-init[948]: Your identification has been saved in /etc/ssh/ssh_host_ecdsa_key.
[   36.634358] cloud-init[948]: Your public key has been saved in /etc/ssh/ssh_host_ecdsa_key.pub.
[   36.634468] cloud-init[948]: The key fingerprint is:
[   36.634578] cloud-init[948]: SHA256:CFIIQw1atPaC2kfeUA1cZdnNQfzrGpP4iGH0FumDAWY root@ubuntu-xenial
[   36.634686] cloud-init[948]: The key's randomart image is:
[   36.634794] cloud-init[948]: +---[ECDSA 256]---+
[   36.634901] cloud-init[948]: |+==.......oo =o. |
[   36.635010] cloud-init[948]: |.o.+  .o .. . +  |
[   36.635134] cloud-init[948]: |. + . .E.      . |
[   36.635243] cloud-init[948]: | o o oo..   .   .|
[   36.635348] cloud-init[948]: |. . + . So o    .|
[   36.635496] cloud-init[948]: |.. + o  . = o .. |
[   36.635672] cloud-init[948]: |. . o .  + * +.  |
[   36.635840] cloud-init[948]: |   .    . + + o. |
[   36.635960] cloud-init[948]: |         . . o.  |
[0;32m  OK  [0m] Listening on ACPID Listen Socket.
[   36.636199] cloud-init[948]: +----[SHA256]-----+
[[0;32m  OK  [0m] Started ACPI Events Check.
[   36.691238] cloud-init[948]: Generating public/private ed25519 key pair.
[[0;32m  OK  [0m] Reached target Paths.
[   36.694217] cloud-init[948]: Your identification has been saved in /etc/ssh/ssh_host_ed25519_key.
[[0;32m  OK  [0m] Reached target Cloud-config availability.
[   36.697276] cloud-init[948]: Your public key has been saved in /etc/ssh/ssh_host_ed25519_key.pub.
[[0;32m  OK  [0m] Listening on LXD - unix socket.
[[0;32m  OK  [0m] Listening on Socket activation for snappy daemon.
[   36.730496] cloud-init[948]: The key fingerprint is:
[   36.750312] cloud-init[948]: SHA256:TUrN12HMut9iwohQGvGJCs4T4Rs3xaZ3xUdS6FkxeTs root@ubuntu-xenial[[0;32m  OK  [0m] Started iSCSI initiator daemon (iscsid).

[   36.768588] cloud-init[948]: The key's randomart image is:
[   36.772720] cloud-init[948]: +--[ED25519 256]--+
         Starting Login to default iSCSI targets...
[[0;32m  OK  [0m] Reached target Sockets.
[[0;32m  OK  [0m] Reached target Basic System.
[   36.774694] cloud-init[948]: |     .   ..+==o  |
[[0;32m  OK  [0m] Started ACPI event daemon.
         Starting Login Service...
[[0;32m  OK  [0m] [   36.853832] cloud-init[948]: |  .   =  o+.+++. |
[   36.874845] cloud-init[948]: | . . + +.+++.o.. |
[   36.874975] cloud-init[948]: |  = + +.=+o.. E  |
[   36.875106] cloud-init[948]: | o * + =S .  . . |
[   36.875215] cloud-init[948]: |  = . o     .    |
[   36.875321] cloud-init[948]: |   .   . . o . . |
[   36.875413] cloud-init[948]: |        . . o + .|
[   36.875985] cloud-init[948]: |             o . |
Started D-Bus System Message Bus.
[   36.877924] cloud-init[948]: +----[SHA256]-----+
         Starting Virtualbox guest utils...
         Starting Pollinate to seed the pseudo random number generator...
         Starting LSB: Record successful boot for GRUB...
         Starting Snappy daemon...
[[0;32m  OK  [0m] Started Regular background program processing daemon.
         Starting /etc/rc.local Compatibility...
         Starting LSB: MD monitoring daemon...
[[0;32m  OK  [0m] Started Deferred execution scheduler.
         Starting System Logging Service...
         Starting Accounts Service...
[[0;32m  OK  [0m] Started FUSE filesystem for LXC.
         Starting LXD - container startup/shutdown...
[[0;32m  OK  [0m] Started /etc/rc.local Compatibility.
[[0;32m  OK  [0m] Started Login Service.
[[0;32m  OK  [0m] Started Login to default iSCSI targets.
[[0;32m  OK  [0m] Reached target Remote File Systems (Pre).
[[0;32m  OK  [0m] Reached target Remote File Systems.
         Starting Permit User Sessions...
         Starting LSB: Set the CPU Frequency Scaling governor to "ondemand"...
         Starting LSB: daemon to balance interrupts for SMP systems...
         Starting LSB: automatic crash report generation...
[[0;32m  OK  [0m] Started Unattended Upgrades Shutdown.
[[0;32m  OK  [0m] Started System Logging Service.
[[0;32m  OK  [0m] Started LSB: Record successful boot for GRUB.
[[0;32m  OK  [0m] Started LSB: MD monitoring daemon.
[[0;32m  OK  [0m] Started Permit User Sessions.
[[0;32m  OK  [0m] Started LSB: Set the CPU Frequency Scaling governor to "ondemand".
         Starting Terminate Plymouth Boot Screen...
         Starting Hold until boot process finishes up...
[[0;32m  OK  [0m] Started Terminate Plymouth Boot Screen.
[[0;32m  OK  [0m] Started Hold until boot process finishes up.
[[0;32m  OK  [0m] Started Getty on tty1.
[[0;32m  OK  [0m] Started Serial Getty on ttyS0.
[[0;32m  OK  [0m] Reached target Login Prompts.
         Starting Set console scheme...
[[0;32m  OK  [0m] Started Virtualbox guest utils.
[[0;32m  OK  [0m] Started LSB: daemon to balance interrupts for SMP systems.
[[0;32m  OK  [0m] Started LSB: automatic crash report generation.
[[0;32m  OK  [0m] Started Set console scheme.
         Starting Authenticate and Authorize Users to Run Privileged Tasks...
[[0;32m  OK  [0m] Started Authenticate and Authorize Users to Run Privileged Tasks.
[[0;32m  OK  [0m] Started Accounts Service.
[[0;32m  OK  [0m] Started Snappy daemon.
         Starting Wait until snapd is fully seeded...
[[0;32m  OK  [0m] Started Pollinate to seed the pseudo random number generator.
         Starting OpenBSD Secure Shell server...
[[0;32m  OK  [0m] Started LXD - container startup/shutdown.
[[0;32m  OK  [0m] Started OpenBSD Secure Shell server.
[[0;32m  OK  [0m] Created slice User Slice of vagrant.
         Starting User Manager for UID 1000...
[[0;32m  OK  [0m] Started Session 1 of user vagrant.
[[0;32m  OK  [0m] Started User Manager for UID 1000.

Ubuntu 16.04.6 LTS ubuntu-xenial ttyS0

ubuntu-xenial login: [   46.836888] cloud-init[1413]: Generating locales (this might take a while)...
[   50.200152] cloud-init[1413]:   en_US.UTF-8... done
[   50.202533] cloud-init[1413]: Generation complete.
[   51.281260] cloud-init[1413]: Cloud-init v. 19.1-1-gbaa47854-0ubuntu1~16.04.1 running 'modules:config' at Fri, 23 Aug 2019 16:58:43 +0000. Up 46.36 seconds.
ci-info: no authorized ssh keys fingerprints found for user ubuntu.
<14>Aug 23 16:58:50 ec2: 
<14>Aug 23 16:58:50 ec2: #############################################################
<14>Aug 23 16:58:50 ec2: -----BEGIN SSH HOST KEY FINGERPRINTS-----
<14>Aug 23 16:58:50 ec2: 1024 SHA256:Gq3e+dUcccI2f0Nb47QD5ii8ERCl2spXiJUnac8WSXc root@ubuntu-xenial (DSA)
<14>Aug 23 16:58:50 ec2: 256 SHA256:CFIIQw1atPaC2kfeUA1cZdnNQfzrGpP4iGH0FumDAWY root@ubuntu-xenial (ECDSA)
<14>Aug 23 16:58:50 ec2: 256 SHA256:TUrN12HMut9iwohQGvGJCs4T4Rs3xaZ3xUdS6FkxeTs root@ubuntu-xenial (ED25519)
<14>Aug 23 16:58:50 ec2: 2048 SHA256:roCb4chLQseAsUs/W61YQcqmg0Hvx1C8zpfkIHJMo6g root@ubuntu-xenial (RSA)
<14>Aug 23 16:58:50 ec2: -----END SSH HOST KEY FINGERPRINTS-----
<14>Aug 23 16:58:50 ec2: #############################################################
-----BEGIN SSH HOST KEY KEYS-----
ecdsa-sha2-nistp256 AAAAE2VjZHNhLXNoYTItbmlzdHAyNTYAAAAIbmlzdHAyNTYAAABBBBIvEmy/uaC870V7u5FUVQfcSXDYF1QoZt3MRb4j0NFTI8ESU7He3utrYjVUfZ/pwqI1AH13CQnsrXuVpZzinBU= root@ubuntu-xenial
ssh-ed25519 AAAAC3NzaC1lZDI1NTE5AAAAIO+Kh+vGLsM2iwT0P1jPVYG5RALZ28UOJSUofmiwXizz root@ubuntu-xenial
ssh-rsa AAAAB3NzaC1yc2EAAAADAQABAAABAQDIjR/07XY23D5+pElr31QPDsOjCLjkyhgo5Tf5KP8U5KKhnSwU7tPGfyeayX0XaC/+1ceJkkvUaWCrw8p/bs9snczJ16WBeFuY3TXyhbIJ35nwVNxRgOs8bkJ+ar5N2PbSgsllilZQKa2EBfKrgl23pMysOiJaTkZ/4hMIci9IuZTEE1Atp6h8U89O+jH2P+RDWRatTcKAeqLjUjpND4paQny2ZemR4fRqyGbCjuIWPemF1gPurx98UevCaGSqfw1BdlK5Co2iwWwcJb7vwu58yA9DBg9mpBA/hO4GaxfDMl/8DcJ1qnnL/RfZzcBhRQi/eA4kEysBKpfBnMFBHfXJ root@ubuntu-xenial
-----END SSH HOST KEY KEYS-----
[   53.539339] cloud-init[1586]: Cloud-init v. 19.1-1-gbaa47854-0ubuntu1~16.04.1 running 'modules:final' at Fri, 23 Aug 2019 16:58:50 +0000. Up 52.74 seconds.
[   53.539612] cloud-init[1586]: ci-info: no authorized ssh keys fingerprints found for user ubuntu.
[   53.539800] cloud-init[1586]: Cloud-init v. 19.1-1-gbaa47854-0ubuntu1~16.04.1 finished at Fri, 23 Aug 2019 16:58:50 +0000. Datasource DataSourceNoCloud [seed=/dev/sdb][dsmode=net].  Up 53.52 seconds
