invitado@s5pc17 ~ $ mkdir sistemasoperativos
invitado@s5pc17 ~ $ cd !$
cd sistemasoperativos
invitado@s5pc17 ~/sistemasoperativos $ pwd
/home/invitado/sistemasoperativos
invitado@s5pc17 ~/sistemasoperativos $ git init
Initialized empty Git repository in /home/invitado/sistemasoperativos/.git/
invitado@s5pc17 ~/sistemasoperativos $ ls -la
total 20
drwxr-xr-x  3 invitado invitado  4096 may 24 11:15 .
drwx------ 94 invitado invitado 12288 may 24 11:14 ..
drwxr-xr-x  7 invitado invitado  4096 may 24 11:15 .git
invitado@s5pc17 ~/sistemasoperativos $ nano README.md
invitado@s5pc17 ~/sistemasoperativos $ git status
En la rama master

Commit inicial

Archivos sin seguimiento:
  (use «git add <archivo>...» para incluir en lo que se ha de confirmar)

	README.md

no se ha agregado nada al commit pero existen archivos sin seguimiento (use «git add» para darle seguimiento)
invitado@s5pc17 ~/sistemasoperativos $ git add README.md
invitado@s5pc17 ~/sistemasoperativos $ echo $?
0
invitado@s5pc17 ~/sistemasoperativos $ ls readme.md
ls: no se puede acceder a 'readme.md': No existe el archivo o el directorio
invitado@s5pc17 ~/sistemasoperativos $ echo $?
2
invitado@s5pc17 ~/sistemasoperativos $ git status
En la rama master

Commit inicial

Cambios para hacer commit:
  (use «git rm --cached <archivo>...» para sacar del stage)

	nuevo archivo: README.md

invitado@s5pc17 ~/sistemasoperativos $ git commit -m "primer Commit"
[master (root-commit) aa63da8] primer Commit
 Committer: invitado <invitado@s5pc17.eisc.univalle.edu.co>
Your name and email address were configured automatically based
on your username and hostname. Please check that they are accurate.
You can suppress this message by setting them explicitly. Run the
following command and follow the instructions in your editor to edit
your configuration file:

    git config --global --edit

After doing this, you may fix the identity used for this commit with:

    git commit --amend --reset-author

 1 file changed, 7 insertions(+)
 create mode 100644 README.md
invitado@s5pc17 ~/sistemasoperativos $ git remote add origin https://github.com/Juanescacha/SistemasOperativos.git
invitado@s5pc17 ~/sistemasoperativos $ git push -u origin master
Username for 'https://github.com': juanescacha
Password for 'https://juanescacha@github.com': 
remote: Invalid username or password.
fatal: Authentication failed for 'https://github.com/Juanescacha/SistemasOperativos.git/'
invitado@s5pc17 ~/sistemasoperativos $ git remote add origin https://github.com/Juanescacha/SistemasOperativos.git
fatal: remote origin already exists.
invitado@s5pc17 ~/sistemasoperativos $ git push -u origin master
Username for 'https://github.com': juanescacha
Password for 'https://juanescacha@github.com': 
Counting objects: 3, done.
Delta compression using up to 4 threads.
Compressing objects: 100% (2/2), done.
Writing objects: 100% (3/3), 440 bytes | 0 bytes/s, done.
Total 3 (delta 0), reused 0 (delta 0)
To https://github.com/Juanescacha/SistemasOperativos.git
 * [new branch]      master -> master
Branch master set up to track remote branch master from origin.
invitado@s5pc17 ~/sistemasoperativos $ echo $?
0
invitado@s5pc17 ~/sistemasoperativos $ cd
invitado@s5pc17 ~ $ mkdir 2019_05_24
invitado@s5pc17 ~ $ cd !$
cd 2019_05_24
invitado@s5pc17 ~/2019_05_24 $ nano basico.c
invitado@s5pc17 ~/2019_05_24 $ nano basico.c
invitado@s5pc17 ~/2019_05_24 $ cat basico.c
#include <stdio.h>

int main(int argc , char** argv){
	printf("Hola Mundo [%d]  \n" , argc);
	return 0;
}
invitado@s5pc17 ~/2019_05_24 $ gcc basico.c -o basico
invitado@s5pc17 ~/2019_05_24 $ ls basico
basico
invitado@s5pc17 ~/2019_05_24 $ ./basico
Hola Mundo [1]  
invitado@s5pc17 ~/2019_05_24 $ git status
fatal: Not a git repository (or any of the parent directories): .git
invitado@s5pc17 ~/2019_05_24 $ git status
fatal: Not a git repository (or any of the parent directories): .git
invitado@s5pc17 ~/2019_05_24 $ cd sistemasoperativos
bash: cd: sistemasoperativos: No existe el archivo o el directorio
invitado@s5pc17 ~/2019_05_24 $ cd..
cd..: no se encontró la orden
invitado@s5pc17 ~/2019_05_24 $ cd ..
invitado@s5pc17 ~ $ git status
fatal: Not a git repository (or any of the parent directories): .git
invitado@s5pc17 ~ $ git status
fatal: Not a git repository (or any of the parent directories): .git
invitado@s5pc17 ~ $ git init
Initialized empty Git repository in /home/invitado/.git/
invitado@s5pc17 ~ $ git exit
git: «exit» no es una orden de git. Vea «git --help»

¿Se refiere a este?
	init
invitado@s5pc17 ~ $ cd sistemasoperativos
invitado@s5pc17 ~/sistemasoperativos $ git status
En la rama master
Su rama está actualizada con «origin/master».
Archivos sin seguimiento:
  (use «git add <archivo>...» para incluir en lo que se ha de confirmar)

	2019_05_24/

no se ha agregado nada al commit pero existen archivos sin seguimiento (use «git add» para darle seguimiento)
invitado@s5pc17 ~/sistemasoperativos $ git add 2019_05_24/
invitado@s5pc17 ~/sistemasoperativos $ git status
En la rama master
Su rama está actualizada con «origin/master».
Cambios para hacer commit:
  (use «git reset HEAD <archivo>...» para sacar del stage)

	nuevo archivo: 2019_05_24/basico
	nuevo archivo: 2019_05_24/basico.c

invitado@s5pc17 ~/sistemasoperativos $ git commit -m "Adicionando Basico.c"
[master c184db9] Adicionando Basico.c
 Committer: invitado <invitado@s5pc17.eisc.univalle.edu.co>
Your name and email address were configured automatically based
on your username and hostname. Please check that they are accurate.
You can suppress this message by setting them explicitly. Run the
following command and follow the instructions in your editor to edit
your configuration file:

    git config --global --edit

After doing this, you may fix the identity used for this commit with:

    git commit --amend --reset-author

 2 files changed, 6 insertions(+)
 create mode 100755 2019_05_24/basico
 create mode 100644 2019_05_24/basico.c
invitado@s5pc17 ~/sistemasoperativos $ git push
warning: push.default is unset; its implicit value has changed in
Git 2.0 from 'matching' to 'simple'. To squelch this message
and maintain the traditional behavior, use:

  git config --global push.default matching

To squelch this message and adopt the new behavior now, use:

  git config --global push.default simple

When push.default is set to 'matching', git will push local branches
to the remote branches that already exist with the same name.

Since Git 2.0, Git defaults to the more conservative 'simple'
behavior, which only pushes the current branch to the corresponding
remote branch that 'git pull' uses to update the current branch.

See 'git help config' and search for 'push.default' for further information.
(the 'simple' mode was introduced in Git 1.7.11. Use the similar mode
'current' instead of 'simple' if you sometimes use older versions of Git)

Username for 'https://github.com': juanescacha
Password for 'https://juanescacha@github.com': 
giremote: Invalid username or password.
fatal: Authentication failed for 'https://github.com/Juanescacha/SistemasOperativos.git/'
invitado@s5pc17 ~/sistemasoperativos $ git push -u origin master
Username for 'https://github.com': juanescacha
Password for 'https://juanescacha@github.com': 
Counting objects: 5, done.
Delta compression using up to 4 threads.
Compressing objects: 100% (5/5), done.
Writing objects: 100% (5/5), 2.79 KiB | 0 bytes/s, done.
Total 5 (delta 0), reused 0 (delta 0)
To https://github.com/Juanescacha/SistemasOperativos.git
   aa63da8..c184db9  master -> master
Branch master set up to track remote branch master from origin.
invitado@s5pc17 ~/sistemasoperativos $ git fun
git: «fun» no es una orden de git. Vea «git --help»

¿Se refiere a este?
	prune
invitado@s5pc17 ~/sistemasoperativos $ nano libfun.c
Use «fg» para volver a nano.

[1]+  Detenido                nano libfun.c
invitado@s5pc17 ~/sistemasoperativos $ git status
En la rama master
Su rama está actualizada con «origin/master».
Archivos sin seguimiento:
  (use «git add <archivo>...» para incluir en lo que se ha de confirmar)

	.libfun.c.swp

no se ha agregado nada al commit pero existen archivos sin seguimiento (use «git add» para darle seguimiento)
invitado@s5pc17 ~/sistemasoperativos $ nano libfun.c
invitado@s5pc17 ~/sistemasoperativos $ git status
En la rama master
Su rama está actualizada con «origin/master».
Archivos sin seguimiento:
  (use «git add <archivo>...» para incluir en lo que se ha de confirmar)

	libfun.c

no se ha agregado nada al commit pero existen archivos sin seguimiento (use «git add» para darle seguimiento)
invitado@s5pc17 ~/sistemasoperativos $ nano libfun.c
invitado@s5pc17 ~/sistemasoperativos $ nano libfun.h
invitado@s5pc17 ~/sistemasoperativos $ nano basico.c
invitado@s5pc17 ~/sistemasoperativos $ cd 2019_05_24
invitado@s5pc17 ~/sistemasoperativos/2019_05_24 $ nano basico.c
invitado@s5pc17 ~/sistemasoperativos/2019_05_24 $ nano libfun.c
invitado@s5pc17 ~/sistemasoperativos/2019_05_24 $ gcc -c libfun.c
invitado@s5pc17 ~/sistemasoperativos/2019_05_24 $ gcc -c libfun.c -o libfun.o
invitado@s5pc17 ~/sistemasoperativos/2019_05_24 $ gcc -c libfun.c -o libfun.o
invitado@s5pc17 ~/sistemasoperativos/2019_05_24 $ git status
En la rama master
Su rama está actualizada con «origin/master».
Cambios no preparados para el commit:
  (use «git add <archivo>...» para actualizar lo que se confirmará)
  (use «git checkout -- <archivo>...» para descartar cambios en el directorio de trabajo)

	modificado:    basico.c

Archivos sin seguimiento:
  (use «git add <archivo>...» para incluir en lo que se ha de confirmar)

	libfun.c
	libfun.h
	libfun.o

no hay cambios agregados al commit (use «git add» o «git commit -a»)
invitado@s5pc17 ~/sistemasoperativos/2019_05_24 $ ar rcs libfun.a
invitado@s5pc17 ~/sistemasoperativos/2019_05_24 $ ar rcs libfun.a libfun.o
invitado@s5pc17 ~/sistemasoperativos/2019_05_24 $ gcc basico.c -L. -lfun -o basico
invitado@s5pc17 ~/sistemasoperativos/2019_05_24 $ ./basico
Hola Mundo [1]  
la estamos pasando buenoinvitado@s5pc17 ~/sistemasoperativos/2019_05_24 $ git add -a
error: unknown switch `a'
uso: git add [<options>] [--] <pathspec>...

    -n, --dry-run         ejecución limpia
    -v, --verbose         detallado

    -i, --interactive     picking interactivo
    -p, --patch           seleccionar hunks interactivamente
    -e, --edit            editar el diff actual y aplicar
    -f, --force           permite añadir archivos que de otro modo serían ignorados
    -u, --update          actualizar archivos rastreados
    -N, --intent-to-add   gabar solo el hecho de que la ruta se añadirá más tarde
    -A, --all             añadir los cambios de los archivos que están bajo seguimiento y sin seguimiento
    --ignore-removal      ignora rutas eliminadas en el árbol de trabajo (lo mismo que --no-all)
    --refresh             no agregar, solo refrescar el índice
    --ignore-errors       omitir archivos que no pueden ser agregados por errores
    --ignore-missing      comprobar si los archivos —incluso los faltantes— se ignoran en modo de simulacro

invitado@s5pc17 ~/sistemasoperativos/2019_05_24 $ git add libfun.*
invitado@s5pc17 ~/sistemasoperativos/2019_05_24 $ git commit -m "Adicionando libreria statica"
[master c29dcb9] Adicionando libreria statica
 Committer: invitado <invitado@s5pc17.eisc.univalle.edu.co>
Your name and email address were configured automatically based
on your username and hostname. Please check that they are accurate.
You can suppress this message by setting them explicitly. Run the
following command and follow the instructions in your editor to edit
your configuration file:

    git config --global --edit

After doing this, you may fix the identity used for this commit with:

    git commit --amend --reset-author

 4 files changed, 6 insertions(+)
 create mode 100644 2019_05_24/libfun.a
 create mode 100644 2019_05_24/libfun.c
 create mode 100644 2019_05_24/libfun.h
 create mode 100644 2019_05_24/libfun.o
invitado@s5pc17 ~/sistemasoperativos/2019_05_24 $ git push origin master
Username for 'https://github.com': juanescacha
Password for 'https://juanescacha@github.com': 
Counting objects: 7, done.
Delta compression using up to 4 threads.
Compressing objects: 100% (6/6), done.
Writing objects: 100% (7/7), 1.14 KiB | 0 bytes/s, done.
Total 7 (delta 1), reused 0 (delta 0)
remote: Resolving deltas: 100% (1/1), done.
To https://github.com/Juanescacha/SistemasOperativos.git
   c184db9..c29dcb9  master -> master
invitado@s5pc17 ~/sistemasoperativos/2019_05_24 $ 

